Archive member included to satisfy reference by file (symbol)

d:/mcuxpressoide_11.2.0_4120/ide/plugins/com.nxp.mcuxpresso.tools.win32_11.2.0.202001021529/tools/bin/../lib/gcc/arm-none-eabi/9.2.1/../../../../arm-none-eabi/lib/thumb/v6-m/nofp\libcr_semihost_nf.a(__ciob.o)
                              ./source/Command_logger.o (__Ciob)
d:/mcuxpressoide_11.2.0_4120/ide/plugins/com.nxp.mcuxpresso.tools.win32_11.2.0.202001021529/tools/bin/../lib/gcc/arm-none-eabi/9.2.1/../../../../arm-none-eabi/lib/thumb/v6-m/nofp\libcr_semihost_nf.a(_cr__main.o)
                              ./startup/startup_mkl25z4.o (__main)
d:/mcuxpressoide_11.2.0_4120/ide/plugins/com.nxp.mcuxpresso.tools.win32_11.2.0.202001021529/tools/bin/../lib/gcc/arm-none-eabi/9.2.1/../../../../arm-none-eabi/lib/thumb/v6-m/nofp\libcr_semihost_nf.a(_cr_assert.o)
                              ./source/Circular_buffer.o (__assertion_failed)
d:/mcuxpressoide_11.2.0_4120/ide/plugins/com.nxp.mcuxpresso.tools.win32_11.2.0.202001021529/tools/bin/../lib/gcc/arm-none-eabi/9.2.1/../../../../arm-none-eabi/lib/thumb/v6-m/nofp\libcr_semihost_nf.a(__sys_appexit.o)
                              d:/mcuxpressoide_11.2.0_4120/ide/plugins/com.nxp.mcuxpresso.tools.win32_11.2.0.202001021529/tools/bin/../lib/gcc/arm-none-eabi/9.2.1/../../../../arm-none-eabi/lib/thumb/v6-m/nofp\libcr_semihost_nf.a(_cr_assert.o) (__sys_appexit)
d:/mcuxpressoide_11.2.0_4120/ide/plugins/com.nxp.mcuxpresso.tools.win32_11.2.0.202001021529/tools/bin/../lib/gcc/arm-none-eabi/9.2.1/../../../../arm-none-eabi/lib/thumb/v6-m/nofp\libcr_c.a(memcpy.o)
                              ./source/Circular_buffer.o (memcpy)
d:/mcuxpressoide_11.2.0_4120/ide/plugins/com.nxp.mcuxpresso.tools.win32_11.2.0.202001021529/tools/bin/../lib/gcc/arm-none-eabi/9.2.1/../../../../arm-none-eabi/lib/thumb/v6-m/nofp\libcr_c.a(memset.o)
                              ./source/Command_process.o (memset)
d:/mcuxpressoide_11.2.0_4120/ide/plugins/com.nxp.mcuxpresso.tools.win32_11.2.0.202001021529/tools/bin/../lib/gcc/arm-none-eabi/9.2.1/../../../../arm-none-eabi/lib/thumb/v6-m/nofp\libcr_c.a(_deferredlazyseek.o)
                              ./source/Command_logger.o (__flsbuf)
d:/mcuxpressoide_11.2.0_4120/ide/plugins/com.nxp.mcuxpresso.tools.win32_11.2.0.202001021529/tools/bin/../lib/gcc/arm-none-eabi/9.2.1/../../../../arm-none-eabi/lib/thumb/v6-m/nofp\libcr_c.a(_fflush.o)
                              d:/mcuxpressoide_11.2.0_4120/ide/plugins/com.nxp.mcuxpresso.tools.win32_11.2.0.202001021529/tools/bin/../lib/gcc/arm-none-eabi/9.2.1/../../../../arm-none-eabi/lib/thumb/v6-m/nofp\libcr_c.a(_deferredlazyseek.o) (_fflush)
d:/mcuxpressoide_11.2.0_4120/ide/plugins/com.nxp.mcuxpresso.tools.win32_11.2.0.202001021529/tools/bin/../lib/gcc/arm-none-eabi/9.2.1/../../../../arm-none-eabi/lib/thumb/v6-m/nofp\libcr_c.a(_writebuf.o)
                              d:/mcuxpressoide_11.2.0_4120/ide/plugins/com.nxp.mcuxpresso.tools.win32_11.2.0.202001021529/tools/bin/../lib/gcc/arm-none-eabi/9.2.1/../../../../arm-none-eabi/lib/thumb/v6-m/nofp\libcr_c.a(_deferredlazyseek.o) (_Cwritebuf)
d:/mcuxpressoide_11.2.0_4120/ide/plugins/com.nxp.mcuxpresso.tools.win32_11.2.0.202001021529/tools/bin/../lib/gcc/arm-none-eabi/9.2.1/../../../../arm-none-eabi/lib/thumb/v6-m/nofp\libcr_c.a(alloc.o)
                              d:/mcuxpressoide_11.2.0_4120/ide/plugins/com.nxp.mcuxpresso.tools.win32_11.2.0.202001021529/tools/bin/../lib/gcc/arm-none-eabi/9.2.1/../../../../arm-none-eabi/lib/thumb/v6-m/nofp\libcr_c.a(_deferredlazyseek.o) (_Csys_alloc)
d:/mcuxpressoide_11.2.0_4120/ide/plugins/com.nxp.mcuxpresso.tools.win32_11.2.0.202001021529/tools/bin/../lib/gcc/arm-none-eabi/9.2.1/../../../../arm-none-eabi/lib/thumb/v6-m/nofp\libcr_c.a(ctype.o)
                              ./source/Command_process.o (__ctype)
d:/mcuxpressoide_11.2.0_4120/ide/plugins/com.nxp.mcuxpresso.tools.win32_11.2.0.202001021529/tools/bin/../lib/gcc/arm-none-eabi/9.2.1/../../../../arm-none-eabi/lib/thumb/v6-m/nofp\libcr_c.a(fpprintf.o)
                              ./source/Command_logger.o (printf)
d:/mcuxpressoide_11.2.0_4120/ide/plugins/com.nxp.mcuxpresso.tools.win32_11.2.0.202001021529/tools/bin/../lib/gcc/arm-none-eabi/9.2.1/../../../../arm-none-eabi/lib/thumb/v6-m/nofp\libcr_c.a(fputs.o)
                              d:/mcuxpressoide_11.2.0_4120/ide/plugins/com.nxp.mcuxpresso.tools.win32_11.2.0.202001021529/tools/bin/../lib/gcc/arm-none-eabi/9.2.1/../../../../arm-none-eabi/lib/thumb/v6-m/nofp\libcr_semihost_nf.a(_cr_assert.o) (fputs)
d:/mcuxpressoide_11.2.0_4120/ide/plugins/com.nxp.mcuxpresso.tools.win32_11.2.0.202001021529/tools/bin/../lib/gcc/arm-none-eabi/9.2.1/../../../../arm-none-eabi/lib/thumb/v6-m/nofp\libcr_c.a(fseek.o)
                              d:/mcuxpressoide_11.2.0_4120/ide/plugins/com.nxp.mcuxpresso.tools.win32_11.2.0.202001021529/tools/bin/../lib/gcc/arm-none-eabi/9.2.1/../../../../arm-none-eabi/lib/thumb/v6-m/nofp\libcr_c.a(_deferredlazyseek.o) (fseek)
[...]
Memory Configuration

Name             Origin             Length             Attributes
PROGRAM_FLASH    0x00000000         0x00020000         xr
SRAM             0x1ffff000         0x00004000         xrw
*default*        0x00000000         0xffffffff

Linker script and memory map

LOAD ./utilities/fsl_debug_console.o
LOAD ./startup/startup_mkl25z4.o
LOAD ./source/Circular_buffer.o
LOAD ./source/Command_logger.o
LOAD ./source/Command_process.o
LOAD ./source/DAC_config.o
LOAD ./source/Quick-Fix-Keyboard.o
LOAD ./source/Uart.o
LOAD ./source/analog_out.o
LOAD ./source/jinglebells.o
LOAD ./source/keypad.o
LOAD ./source/mtb.o
LOAD ./source/piyu_bole.o
LOAD ./source/rabta.o
LOAD ./source/semihost_hardfault.o
LOAD ./source/sin_trig.o
LOAD ./source/test_cbfifo.o
LOAD ./source/test_sin.o
LOAD ./drivers/fsl_clock.o
LOAD ./drivers/fsl_common.o
LOAD ./drivers/fsl_flash.o
LOAD ./drivers/fsl_gpio.o
LOAD ./drivers/fsl_lpsci.o
LOAD ./drivers/fsl_smc.o
LOAD ./drivers/fsl_uart.o
LOAD ./board/board.o
LOAD ./board/clock_config.o
LOAD ./board/peripherals.o
LOAD ./board/pin_mux.o
LOAD ./CMSIS/system_MKL25Z4.o
START GROUP
LOAD d:/mcuxpressoide_11.2.0_4120/ide/plugins/com.nxp.mcuxpresso.tools.win32_11.2.0.202001021529/tools/bin/../lib/gcc/arm-none-eabi/9.2.1/../../../../arm-none-eabi/lib/thumb/v6-m/nofp\libcr_semihost_nf.a
LOAD d:/mcuxpressoide_11.2.0_4120/ide/plugins/com.nxp.mcuxpresso.tools.win32_11.2.0.202001021529/tools/bin/../lib/gcc/arm-none-eabi/9.2.1/../../../../arm-none-eabi/lib/thumb/v6-m/nofp\libcr_c.a
LOAD d:/mcuxpressoide_11.2.0_4120/ide/plugins/com.nxp.mcuxpresso.tools.win32_11.2.0.202001021529/tools/bin/../lib/gcc/arm-none-eabi/9.2.1/thumb/v6-m/nofp\libcr_eabihelpers.a
LOAD d:/mcuxpressoide_11.2.0_4120/ide/plugins/com.nxp.mcuxpresso.tools.win32_11.2.0.202001021529/tools/bin/../lib/gcc/arm-none-eabi/9.2.1/thumb/v6-m/nofp\libgcc.a
END GROUP
                0x00000000                __base_PROGRAM_FLASH = 0x0
                0x00000000                __base_Flash = 0x0
                0x00020000                __top_PROGRAM_FLASH = 0x20000
                0x00020000                __top_Flash = 0x20000
                0x1ffff000                __base_SRAM = 0x1ffff000
                0x1ffff000                __base_RAM = 0x1ffff000
                0x20003000                __top_SRAM = 0x20003000
                0x20003000                __top_RAM = 0x20003000

.text           0x00000000     0x82ac
 FILL mask 0xff
                0x00000000                __vectors_start__ = ABSOLUTE (.)
 *(SORT_BY_ALIGNMENT(.isr_vector))
 .isr_vector    0x00000000       0xc0 ./startup/startup_mkl25z4.o
                0x00000000                g_pfnVectors
                0x00000000                __Vectors
                0x000000c0                . = ALIGN (0x4)
                0x000000c0                __section_table_start = .
                0x000000c0                __data_section_table = .
                0x000000c0        0x4 LONG 0x82ac LOADADDR (.data)
                0x000000c4        0x4 LONG 0x1ffff080 ADDR (.data)
                0x000000c8        0x4 LONG 0x398 SIZEOF (.data)
                0x000000cc                __data_section_table_end = .
                0x000000cc                __bss_section_table = .
                0x000000cc        0x4 LONG 0x1ffff418 ADDR (.bss)
                0x000000d0        0x4 LONG 0xc2c SIZEOF (.bss)
                0x000000d4                __bss_section_table_end = .
                0x000000d4                __section_table_end = .
 *(SORT_BY_ALIGNMENT(.after_vectors*))
 .after_vectors.reset
                0x000000d4       0x4c ./startup/startup_mkl25z4.o
                0x000000d4                ResetISR
 .after_vectors.init_data
                0x00000120       0x12 ./startup/startup_mkl25z4.o
                0x00000120                data_init
 .after_vectors.init_bss
                0x00000132       0x10 ./startup/startup_mkl25z4.o
                0x00000132                bss_init
 .after_vectors
                0x00000142      0x10c ./startup/startup_mkl25z4.o
                0x00000142                NMI_Handler
                0x00000146                SVC_Handler
                0x00000148                PendSV_Handler
                0x0000014a                SysTick_Handler
                0x0000014c                LPTMR0_DriverIRQHandler
                0x0000014c                Reserved39_DriverIRQHandler
                0x0000014c                DMA0_DriverIRQHandler
                0x0000014c                SPI1_DriverIRQHandler
                0x0000014c                I2C0_DriverIRQHandler
                0x0000014c                PORTD_DriverIRQHandler
                0x0000014c                DMA2_DriverIRQHandler
                0x0000014c                CMP0_DriverIRQHandler
                0x0000014c                TPM2_DriverIRQHandler
                0x0000014c                ADC0_DriverIRQHandler
                0x0000014c                SPI0_DriverIRQHandler
                0x0000014c                TSI0_DriverIRQHandler
                0x0000014c                RTC_Seconds_DriverIRQHandler
                0x0000014c                I2C1_DriverIRQHandler
                0x0000014c                LLWU_DriverIRQHandler
                0x0000014c                MCG_DriverIRQHandler
                0x0000014c                DMA1_DriverIRQHandler
                0x0000014c                PIT_DriverIRQHandler
                0x0000014c                RTC_DriverIRQHandler
                0x0000014c                FTFA_DriverIRQHandler
                0x0000014c                IntDefaultHandler
                0x0000014c                USB0_DriverIRQHandler
                0x0000014c                DAC0_DriverIRQHandler
                0x0000014c                TPM1_DriverIRQHandler
                0x0000014c                LVD_LVW_DriverIRQHandler
                0x0000014c                TPM0_DriverIRQHandler
                0x0000014c                PORTA_DriverIRQHandler
                0x0000014c                Reserved45_DriverIRQHandler
                0x0000014c                Reserved20_DriverIRQHandler
                0x0000014c                DMA3_DriverIRQHandler
                0x00000156                DMA1_IRQHandler
                0x0000015e                DMA2_IRQHandler
                0x00000166                DMA3_IRQHandler
                0x0000016e                Reserved20_IRQHandler
                0x00000176                FTFA_IRQHandler
                0x0000017e                LVD_LVW_IRQHandler
                0x00000186                LLWU_IRQHandler
                0x0000018e                I2C0_IRQHandler
                0x00000196                I2C1_IRQHandler
                0x0000019e                SPI0_IRQHandler
                0x000001a6                SPI1_IRQHandler
                0x000001b6                UART1_IRQHandler
                0x000001be                UART2_IRQHandler
                0x000001c6                ADC0_IRQHandler
                0x000001ce                CMP0_IRQHandler
                0x000001d6                TPM0_IRQHandler
                0x000001de                TPM1_IRQHandler
                0x000001e6                TPM2_IRQHandler
                0x000001ee                RTC_IRQHandler
                0x000001f6                RTC_Seconds_IRQHandler
                0x000001fe                PIT_IRQHandler
                0x00000206                Reserved39_IRQHandler
                0x0000020e                USB0_IRQHandler
                0x00000216                DAC0_IRQHandler
                0x0000021e                TSI0_IRQHandler
                0x00000226                MCG_IRQHandler
                0x0000022e                LPTMR0_IRQHandler
                0x00000236                Reserved45_IRQHandler
                0x0000023e                PORTA_IRQHandler
                0x00000246                PORTD_IRQHandler
                0x00000400                . = 0x400
 *fill*         0x0000024e      0x1b2 ff
                0x00000400                PROVIDE (__FLASH_CONFIG_START__ = .)
 *(SORT_BY_ALIGNMENT(.FlashConfig))
 .FlashConfig   0x00000400       0x10 ./startup/startup_mkl25z4.o
                0x00000400                Flash_Config
                0x00000410                PROVIDE (__FLASH_CONFIG_END__ = .)
                0x00000001                ASSERT (! ((__FLASH_CONFIG_START__ == __FLASH_CONFIG_END__)), Linker Flash Config Support Enabled, but no .FlashConfig section provided within application)
 *(SORT_BY_ALIGNMENT(.text*))
 .text.DbgConsole_Init
                0x00000410       0xf4 ./utilities/fsl_debug_console.o
                0x00000410                DbgConsole_Init
 .text.cb_Empty
                0x00000504       0x34 ./source/Circular_buffer.o
                0x00000504                cb_Empty
 .text.cb_Size  0x00000538       0x28 ./source/Circular_buffer.o
                0x00000538                cb_Size
 .text.cb_Full  0x00000560       0x38 ./source/Circular_buffer.o
                0x00000560                cb_Full
 .text.command_input
                0x00000598      0x158 ./source/Command_logger.o
                0x00000598                command_input
 .text.jingles  0x000006f0       0x20 ./source/Command_process.o
 .text.song1    0x00000710       0x44 ./source/Command_process.o
 .text.song2    0x00000754       0x44 ./source/Command_process.o
 .text.help     0x00000798       0x4c ./source/Command_process.o
 .text.unknown_command
                0x000007e4       0x1c ./source/Command_process.o
 .text.process_command
                0x00000800      0x140 ./source/Command_process.o
                0x00000800                process_command
 .text.Init_DAC
                0x00000940       0x6c ./source/DAC_config.o
                0x00000940                Init_DAC
 .text.main     0x000009ac       0x9c ./source/Quick-Fix-Keyboard.o
                0x000009ac                main
 .text.NVIC_EnableIRQ
                0x00000a48       0x2c ./source/Uart.o
 .text.NVIC_ClearPendingIRQ
                0x00000a74       0x30 ./source/Uart.o
 .text.NVIC_SetPriority
                0x00000aa4       0xdc ./source/Uart.o
 .text.UART_init
                0x00000b80      0x178 ./source/Uart.o
                0x00000b80                UART_init
 .text.__sys_write
                0x00000cf8       0x80 ./source/Uart.o
                0x00000cf8                __sys_write
 .text.UART0_IRQHandler
                0x00000d78       0xa8 ./source/Uart.o
                0x00000d78                UART0_IRQHandler
 .text.NVIC_EnableIRQ
                0x00000e20       0x2c ./source/analog_out.o
 .text.NVIC_ClearPendingIRQ
                0x00000e4c       0x30 ./source/analog_out.o
 .text.NVIC_SetPriority
                0x00000e7c       0xdc ./source/analog_out.o
 .text.tone_to_samples
                0x00000f58       0xe0 ./source/analog_out.o
                0x00000f58                tone_to_samples
 .text.Init_TPM1
                0x00001038       0x5c ./source/analog_out.o
                0x00001038                Init_TPM1
 .text.Init_DMA
                0x00001094       0x70 ./source/analog_out.o
                0x00001094                Init_DMA
 .text.Copy_DMA_buffer
                0x00001104       0x4c ./source/analog_out.o
                0x00001104                Copy_DMA_buffer
 .text.Start_DMA_transfer
                0x00001150       0x74 ./source/analog_out.o
                0x00001150                Start_DMA_transfer
 .text.DMA0_IRQHandler
                0x000011c4       0x28 ./source/analog_out.o
                0x000011c4                DMA0_IRQHandler
 .text.play_note
                0x000011ec       0x70 ./source/jinglebells.o
                0x000011ec                play_note
 .text.jingle_bells
                0x0000125c       0xfc ./source/jinglebells.o
                0x0000125c                jingle_bells
 .text.delay    0x00001358       0x30 ./source/keypad.o
                0x00001358                delay
 .text.play_freq
                0x00001388       0x64 ./source/keypad.o
                0x00001388                play_freq
 .text.init_keypad
                0x000013ec       0x80 ./source/keypad.o
                0x000013ec                init_keypad
 .text.keypad_scan
                0x0000146c       0x84 ./source/keypad.o
                0x0000146c                keypad_scan
 .text.set_output
                0x000014f0       0x5c ./source/keypad.o
                0x000014f0                set_output
 .text.read_input
                0x0000154c       0x2c ./source/keypad.o
                0x0000154c                read_input
 .text.play_note_piyu
                0x00001578       0x54 ./source/piyu_bole.o
                0x00001578                play_note_piyu
 .text.piyu_bole
                0x000015cc      0x2a4 ./source/piyu_bole.o
                0x000015cc                piyu_bole
 .text.play_note_rabta
                0x00001870       0x54 ./source/rabta.o
                0x00001870                play_note_rabta
 .text.rabta    0x000018c4      0x1b4 ./source/rabta.o
                0x000018c4                rabta
 .text.HardFault_Handler
                0x00001a78       0x30 ./source/semihost_hardfault.o
                0x00001a78                HardFault_Handler
 .text.sin1     0x00001aa8       0xfc ./source/sin_trig.o
                0x00001aa8                sin1
 .text.test_cbfifo_one_iteration
                0x00001ba4     0x14b4 ./source/test_cbfifo.o
 .text.test_cbfifo
                0x00003058       0x98 ./source/test_cbfifo.o
                0x00003058                test_cbfifo
 .text.test_sine
                0x000030f0      0x11c ./source/test_sin.o
                0x000030f0                test_sine
 .text.CLOCK_SetEr32kClock
                0x0000320c       0x34 ./drivers/fsl_clock.o
 .text.CLOCK_SetPllFllSelClock
                0x00003240       0x38 ./drivers/fsl_clock.o
 .text.CLOCK_GetMcgExtClkFreq
                0x00003278       0x28 ./drivers/fsl_clock.o
 .text.CLOCK_GetFllExtRefClkFreq
                0x000032a0       0xa8 ./drivers/fsl_clock.o
 .text.CLOCK_GetFllRefClkFreq
                0x00003348       0x2c ./drivers/fsl_clock.o
 .text.CLOCK_GetOscRangeFromFreq
                0x00003374       0x4c ./drivers/fsl_clock.o
 .text.CLOCK_GetPllFllSelClkFreq
                0x000033c0       0x4c ./drivers/fsl_clock.o
                0x000033c0                CLOCK_GetPllFllSelClkFreq
 .text.CLOCK_SetSimConfig
                0x0000340c       0x38 ./drivers/fsl_clock.o
                0x0000340c                CLOCK_SetSimConfig
 .text.CLOCK_GetFllFreq
                0x00003444       0x84 ./drivers/fsl_clock.o
                0x00003444                CLOCK_GetFllFreq
 .text.CLOCK_GetPll0Freq
                0x000034c8       0x70 ./drivers/fsl_clock.o
                0x000034c8                CLOCK_GetPll0Freq
 .text.CLOCK_SetInternalRefClkConfig
                0x00003538      0x124 ./drivers/fsl_clock.o
                0x00003538                CLOCK_SetInternalRefClkConfig
 .text.CLOCK_EnablePll0
                0x0000365c       0x94 ./drivers/fsl_clock.o
                0x0000365c                CLOCK_EnablePll0
 .text.CLOCK_InitOsc0
                0x000036f0       0x94 ./drivers/fsl_clock.o
                0x000036f0                CLOCK_InitOsc0
 .text.CLOCK_SetPbeMode
                0x00003784       0xb0 ./drivers/fsl_clock.o
                0x00003784                CLOCK_SetPbeMode
 .text.CLOCK_BootToPeeMode
                0x00003834       0x70 ./drivers/fsl_clock.o
                0x00003834                CLOCK_BootToPeeMode
 .text.CLOCK_EnableClock
                0x000038a4       0x34 ./drivers/fsl_lpsci.o
 .text.LPSCI_GetInstance
                0x000038d8       0x48 ./drivers/fsl_lpsci.o
                0x000038d8                LPSCI_GetInstance
 .text.LPSCI_Init
                0x00003920      0x258 ./drivers/fsl_lpsci.o
                0x00003920                LPSCI_Init
 .text.LPSCI_GetDefaultConfig
                0x00003b78       0x44 ./drivers/fsl_lpsci.o
                0x00003b78                LPSCI_GetDefaultConfig
 .text.LPSCI_ClearStatusFlags
                0x00003bbc       0x94 ./drivers/fsl_lpsci.o
                0x00003bbc                LPSCI_ClearStatusFlags
 .text.LPSCI_WriteBlocking
                0x00003c50       0x4c ./drivers/fsl_lpsci.o
                0x00003c50                LPSCI_WriteBlocking
 .text.LPSCI_ReadBlocking
                0x00003c9c       0xc0 ./drivers/fsl_lpsci.o
                0x00003c9c                LPSCI_ReadBlocking
 .text.UART0_DriverIRQHandler
                0x00003d5c       0x24 ./drivers/fsl_lpsci.o
                0x00003d5c                UART0_DriverIRQHandler
 .text.CLOCK_EnableClock
                0x00003d80       0x34 ./drivers/fsl_uart.o
 .text.UART_GetInstance
                0x00003db4       0x54 ./drivers/fsl_uart.o
                0x00003db4                UART_GetInstance
 .text.UART_Init
                0x00003e08      0x1e0 ./drivers/fsl_uart.o
                0x00003e08                UART_Init
 .text.UART_GetDefaultConfig
                0x00003fe8       0x44 ./drivers/fsl_uart.o
                0x00003fe8                UART_GetDefaultConfig
 .text.UART_ReadBlocking
                0x0000402c       0x98 ./drivers/fsl_uart.o
                0x0000402c                UART_ReadBlocking
 .text.UART1_DriverIRQHandler
                0x000040c4       0x24 ./drivers/fsl_uart.o
                0x000040c4                UART1_DriverIRQHandler
 .text.UART2_DriverIRQHandler
                0x000040e8       0x24 ./drivers/fsl_uart.o
                0x000040e8                UART2_DriverIRQHandler
 .text.CLOCK_SetLpsci0Clock
                0x0000410c       0x38 ./board/board.o
 .text.BOARD_InitDebugConsole
                0x00004144       0x30 ./board/board.o
                0x00004144                BOARD_InitDebugConsole
 .text.CLOCK_SetSimSafeDivs
                0x00004174       0x20 ./board/clock_config.o
 .text.CLOCK_SetXtal0Freq
                0x00004194       0x1c ./board/clock_config.o
 .text.CLOCK_CONFIG_SetFllExtRefDiv
                0x000041b0       0x3c ./board/clock_config.o
 .text.BOARD_BootClockRUN
                0x000041ec       0x64 ./board/clock_config.o
                0x000041ec                BOARD_BootClockRUN
 .text.CLOCK_EnableClock
                0x00004250       0x34 ./board/pin_mux.o
 .text.PORT_SetPinMux
                0x00004284       0x40 ./board/pin_mux.o
 .text.BOARD_InitPins
                0x000042c4       0x4c ./board/pin_mux.o
                0x000042c4                BOARD_InitPins
 .text.SystemInit
                0x00004310       0x18 ./CMSIS/system_MKL25Z4.o
                0x00004310                SystemInit
 .text.__assertion_failed
                0x00004328       0x4c d:/mcuxpressoide_11.2.0_4120/ide/plugins/com.nxp.mcuxpresso.tools.win32_11.2.0.202001021529/tools/bin/../lib/gcc/arm-none-eabi/9.2.1/../../../../arm-none-eabi/lib/thumb/v6-m/nofp\libcr_semihost_nf.a(_cr_assert.o)
                0x00004328                __assertion_failed
 .text.__sys_appexit
                0x00004374        0xc d:/mcuxpressoide_11.2.0_4120/ide/plugins/com.nxp.mcuxpresso.tools.win32_11.2.0.202001021529/tools/bin/../lib/gcc/arm-none-eabi/9.2.1/../../../../arm-none-eabi/lib/thumb/v6-m/nofp\libcr_semihost_nf.a(__sys_appexit.o)
                0x00004374                __sys_appexit
                0x00004374                __exit
 .text._deferredlazyseek
                0x00004380       0x40 d:/mcuxpressoide_11.2.0_4120/ide/plugins/com.nxp.mcuxpresso.tools.win32_11.2.0.202001021529/tools/bin/../lib/gcc/arm-none-eabi/9.2.1/../../../../arm-none-eabi/lib/thumb/v6-m/nofp\libcr_c.a(_deferredlazyseek.o)
                0x00004380                _deferredlazyseek
 .text.__flsbuf
                0x000043c0      0x150 d:/mcuxpressoide_11.2.0_4120/ide/plugins/com.nxp.mcuxpresso.tools.win32_11.2.0.202001021529/tools/bin/../lib/gcc/arm-none-eabi/9.2.1/../../../../arm-none-eabi/lib/thumb/v6-m/nofp\libcr_c.a(_deferredlazyseek.o)
                0x000043c0                __flsbuf
 .text._fflush  0x00004510       0x60 d:/mcuxpressoide_11.2.0_4120/ide/plugins/com.nxp.mcuxpresso.tools.win32_11.2.0.202001021529/tools/bin/../lib/gcc/arm-none-eabi/9.2.1/../../../../arm-none-eabi/lib/thumb/v6-m/nofp\libcr_c.a(_fflush.o)
                0x00004510                _fflush
 .text._Cwritebuf
                0x00004570       0x68 d:/mcuxpressoide_11.2.0_4120/ide/plugins/com.nxp.mcuxpresso.tools.win32_11.2.0.202001021529/tools/bin/../lib/gcc/arm-none-eabi/9.2.1/../../../../arm-none-eabi/lib/thumb/v6-m/nofp\libcr_c.a(_writebuf.o)
                0x00004570                _Cwritebuf
 .text.malloc   0x000045d8       0xd0 d:/mcuxpressoide_11.2.0_4120/ide/plugins/com.nxp.mcuxpresso.tools.win32_11.2.0.202001021529/tools/bin/../lib/gcc/arm-none-eabi/9.2.1/../../../../arm-none-eabi/lib/thumb/v6-m/nofp\libcr_c.a(alloc.o)
                0x000045d8                malloc
 .text._Csys_alloc
                0x000046a8       0x20 d:/mcuxpressoide_11.2.0_4120/ide/plugins/com.nxp.mcuxpresso.tools.win32_11.2.0.202001021529/tools/bin/../lib/gcc/arm-none-eabi/9.2.1/../../../../arm-none-eabi/lib/thumb/v6-m/nofp\libcr_c.a(alloc.o)
                0x000046a8                _Csys_alloc
 .text.tolower  0x000046c8       0x14 d:/mcuxpressoide_11.2.0_4120/ide/plugins/com.nxp.mcuxpresso.tools.win32_11.2.0.202001021529/tools/bin/../lib/gcc/arm-none-eabi/9.2.1/../../../../arm-none-eabi/lib/thumb/v6-m/nofp\libcr_c.a(ctype.o)
                0x000046c8                tolower
 .text.sprintf  0x000046dc       0x6c d:/mcuxpressoide_11.2.0_4120/ide/plugins/com.nxp.mcuxpresso.tools.win32_11.2.0.202001021529/tools/bin/../lib/gcc/arm-none-eabi/9.2.1/../../../../arm-none-eabi/lib/thumb/v6-m/nofp\libcr_c.a(fpprintf.o)
                0x000046dc                sprintf
 .text.fp_display
                0x00004748      0x97c d:/mcuxpressoide_11.2.0_4120/ide/plugins/com.nxp.mcuxpresso.tools.win32_11.2.0.202001021529/tools/bin/../lib/gcc/arm-none-eabi/9.2.1/../../../../arm-none-eabi/lib/thumb/v6-m/nofp\libcr_c.a(fpprintf.o)
 .text.vsnprintf
                0x000050c4       0x70 d:/mcuxpressoide_11.2.0_4120/ide/plugins/com.nxp.mcuxpresso.tools.win32_11.2.0.202001021529/tools/bin/../lib/gcc/arm-none-eabi/9.2.1/../../../../arm-none-eabi/lib/thumb/v6-m/nofp\libcr_c.a(fpprintf.o)
                0x000050c4                vsnprintf
 .text.printf   0x00005134       0x50 d:/mcuxpressoide_11.2.0_4120/ide/plugins/com.nxp.mcuxpresso.tools.win32_11.2.0.202001021529/tools/bin/../lib/gcc/arm-none-eabi/9.2.1/../../../../arm-none-eabi/lib/thumb/v6-m/nofp\libcr_c.a(fpprintf.o)
                0x00005134                printf
 .text.fseek    0x00005184       0xf4 d:/mcuxpressoide_11.2.0_4120/ide/plugins/com.nxp.mcuxpresso.tools.win32_11.2.0.202001021529/tools/bin/../lib/gcc/arm-none-eabi/9.2.1/../../../../arm-none-eabi/lib/thumb/v6-m/nofp\libcr_c.a(fseek.o)
                0x00005184                fseek
 .text.ftell    0x00005278       0x48 d:/mcuxpressoide_11.2.0_4120/ide/plugins/com.nxp.mcuxpresso.tools.win32_11.2.0.202001021529/tools/bin/../lib/gcc/arm-none-eabi/9.2.1/../../../../arm-none-eabi/lib/thumb/v6-m/nofp\libcr_c.a(ftell.o)
                0x00005278                ftell
 .text._initio  0x000052c0       0x7c d:/mcuxpressoide_11.2.0_4120/ide/plugins/com.nxp.mcuxpresso.tools.win32_11.2.0.202001021529/tools/bin/../lib/gcc/arm-none-eabi/9.2.1/../../../../arm-none-eabi/lib/thumb/v6-m/nofp\libcr_c.a(initio.o)
                0x000052c0                _initio
 .text.__vfprintf
                0x0000533c      0xd40 d:/mcuxpressoide_11.2.0_4120/ide/plugins/com.nxp.mcuxpresso.tools.win32_11.2.0.202001021529/tools/bin/../lib/gcc/arm-none-eabi/9.2.1/../../../../arm-none-eabi/lib/thumb/v6-m/nofp\libcr_c.a(printf.o)
                0x0000533c                __vfprintf
 .text.setvbuf  0x0000607c       0x4c d:/mcuxpressoide_11.2.0_4120/ide/plugins/com.nxp.mcuxpresso.tools.win32_11.2.0.202001021529/tools/bin/../lib/gcc/arm-none-eabi/9.2.1/../../../../arm-none-eabi/lib/thumb/v6-m/nofp\libcr_c.a(setvbuf.o)
                0x0000607c                setvbuf
 .text.strlen   0x000060c8       0x58 d:/mcuxpressoide_11.2.0_4120/ide/plugins/com.nxp.mcuxpresso.tools.win32_11.2.0.202001021529/tools/bin/../lib/gcc/arm-none-eabi/9.2.1/../../../../arm-none-eabi/lib/thumb/v6-m/nofp\libcr_c.a(strlen.o)
                0x000060c8                strlen
 .text.strncmp  0x00006120       0x50 d:/mcuxpressoide_11.2.0_4120/ide/plugins/com.nxp.mcuxpresso.tools.win32_11.2.0.202001021529/tools/bin/../lib/gcc/arm-none-eabi/9.2.1/../../../../arm-none-eabi/lib/thumb/v6-m/nofp\libcr_c.a(strncmp.o)
                0x00006120                strncmp
 .text._sbrk    0x00006170       0x44 d:/mcuxpressoide_11.2.0_4120/ide/plugins/com.nxp.mcuxpresso.tools.win32_11.2.0.202001021529/tools/bin/../lib/gcc/arm-none-eabi/9.2.1/../../../../arm-none-eabi/lib/thumb/v6-m/nofp\libcr_c.a(_cr_sbrk.o)
                0x00006170                _sbrk
 .text._fdopen  0x000061b4       0x74 d:/mcuxpressoide_11.2.0_4120/ide/plugins/com.nxp.mcuxpresso.tools.win32_11.2.0.202001021529/tools/bin/../lib/gcc/arm-none-eabi/9.2.1/../../../../arm-none-eabi/lib/thumb/v6-m/nofp\libcr_c.a(_fdopen.o)
                0x000061b4                _fdopen
 .text._frexpl  0x00006228       0x80 d:/mcuxpressoide_11.2.0_4120/ide/plugins/com.nxp.mcuxpresso.tools.win32_11.2.0.202001021529/tools/bin/../lib/gcc/arm-none-eabi/9.2.1/../../../../arm-none-eabi/lib/thumb/v6-m/nofp\libcr_c.a(_frexpl.o)
                0x00006228                _frexpl
 .text._ldexpl  0x000062a8       0x58 d:/mcuxpressoide_11.2.0_4120/ide/plugins/com.nxp.mcuxpresso.tools.win32_11.2.0.202001021529/tools/bin/../lib/gcc/arm-none-eabi/9.2.1/../../../../arm-none-eabi/lib/thumb/v6-m/nofp\libcr_c.a(_ldexpl.o)
                0x000062a8                _ldexpl
 .text._sincos  0x00006300      0x1dc d:/mcuxpressoide_11.2.0_4120/ide/plugins/com.nxp.mcuxpresso.tools.win32_11.2.0.202001021529/tools/bin/../lib/gcc/arm-none-eabi/9.2.1/../../../../arm-none-eabi/lib/thumb/v6-m/nofp\libcr_c.a(_sincos.o)
                0x00006300                _sincos
 .text.fclose   0x000064dc       0x5c d:/mcuxpressoide_11.2.0_4120/ide/plugins/com.nxp.mcuxpresso.tools.win32_11.2.0.202001021529/tools/bin/../lib/gcc/arm-none-eabi/9.2.1/../../../../arm-none-eabi/lib/thumb/v6-m/nofp\libcr_c.a(fclose.o)
                0x000064dc                fclose
 .text.fflush   0x00006538       0x44 d:/mcuxpressoide_11.2.0_4120/ide/plugins/com.nxp.mcuxpresso.tools.win32_11.2.0.202001021529/tools/bin/../lib/gcc/arm-none-eabi/9.2.1/../../../../arm-none-eabi/lib/thumb/v6-m/nofp\libcr_c.a(fflush.o)
                0x00006538                fflush
 .text.__check_heap_overflow
                0x0000657c       0x14 d:/mcuxpressoide_11.2.0_4120/ide/plugins/com.nxp.mcuxpresso.tools.win32_11.2.0.202001021529/tools/bin/../lib/gcc/arm-none-eabi/9.2.1/../../../../arm-none-eabi/lib/thumb/v6-m/nofp\libcr_c.a(_cr_check_heap.o)
                0x0000657c                __check_heap_overflow
 .text._do_fflush
                0x00006590       0x48 d:/mcuxpressoide_11.2.0_4120/ide/plugins/com.nxp.mcuxpresso.tools.win32_11.2.0.202001021529/tools/bin/../lib/gcc/arm-none-eabi/9.2.1/../../../../arm-none-eabi/lib/thumb/v6-m/nofp\libcr_c.a(_do_fflush.o)
                0x00006590                _do_fflush
 .text.__aeabi_dmul
                0x000065d8      0x184 d:/mcuxpressoide_11.2.0_4120/ide/plugins/com.nxp.mcuxpresso.tools.win32_11.2.0.202001021529/tools/bin/../lib/gcc/arm-none-eabi/9.2.1/thumb/v6-m/nofp\libcr_eabihelpers.a(double.o)
                0x000065d8                __aeabi_dmul
 .text.__aeabi_ddiv
                0x0000675c      0x150 d:/mcuxpressoide_11.2.0_4120/ide/plugins/com.nxp.mcuxpresso.tools.win32_11.2.0.202001021529/tools/bin/../lib/gcc/arm-none-eabi/9.2.1/thumb/v6-m/nofp\libcr_eabihelpers.a(double.o)
                0x0000675c                __aeabi_ddiv
 .text.__aeabi_dsub
                0x000068ac      0x1e4 d:/mcuxpressoide_11.2.0_4120/ide/plugins/com.nxp.mcuxpresso.tools.win32_11.2.0.202001021529/tools/bin/../lib/gcc/arm-none-eabi/9.2.1/thumb/v6-m/nofp\libcr_eabihelpers.a(double.o)
                0x000068ac                __aeabi_dsub
 .text.__aeabi_dadd
                0x00006a90      0x134 d:/mcuxpressoide_11.2.0_4120/ide/plugins/com.nxp.mcuxpresso.tools.win32_11.2.0.202001021529/tools/bin/../lib/gcc/arm-none-eabi/9.2.1/thumb/v6-m/nofp\libcr_eabihelpers.a(double.o)
                0x00006a90                __aeabi_dadd
 .text.__aeabi_d2iz
                0x00006bc4       0x50 d:/mcuxpressoide_11.2.0_4120/ide/plugins/com.nxp.mcuxpresso.tools.win32_11.2.0.202001021529/tools/bin/../lib/gcc/arm-none-eabi/9.2.1/thumb/v6-m/nofp\libcr_eabihelpers.a(double.o)
                0x00006bc4                __aeabi_d2iz
 .text.__aeabi_d2uiz
                0x00006c14       0x38 d:/mcuxpressoide_11.2.0_4120/ide/plugins/com.nxp.mcuxpresso.tools.win32_11.2.0.202001021529/tools/bin/../lib/gcc/arm-none-eabi/9.2.1/thumb/v6-m/nofp\libcr_eabihelpers.a(double.o)
                0x00006c14                __aeabi_d2uiz
 .text.__aeabi_dcmpeq
                0x00006c4c       0x30 d:/mcuxpressoide_11.2.0_4120/ide/plugins/com.nxp.mcuxpresso.tools.win32_11.2.0.202001021529/tools/bin/../lib/gcc/arm-none-eabi/9.2.1/thumb/v6-m/nofp\libcr_eabihelpers.a(double.o)
                0x00006c4c                __aeabi_dcmpeq
 .text.__aeabi_dcmplt
                0x00006c7c       0x60 d:/mcuxpressoide_11.2.0_4120/ide/plugins/com.nxp.mcuxpresso.tools.win32_11.2.0.202001021529/tools/bin/../lib/gcc/arm-none-eabi/9.2.1/thumb/v6-m/nofp\libcr_eabihelpers.a(double.o)
                0x00006c7c                __aeabi_dcmplt
 .text.__aeabi_dcmpgt
                0x00006cdc       0x5c d:/mcuxpressoide_11.2.0_4120/ide/plugins/com.nxp.mcuxpresso.tools.win32_11.2.0.202001021529/tools/bin/../lib/gcc/arm-none-eabi/9.2.1/thumb/v6-m/nofp\libcr_eabihelpers.a(double.o)
                0x00006cdc                __aeabi_dcmpgt
 .text.__aeabi_dcmple
                0x00006d38       0x60 d:/mcuxpressoide_11.2.0_4120/ide/plugins/com.nxp.mcuxpresso.tools.win32_11.2.0.202001021529/tools/bin/../lib/gcc/arm-none-eabi/9.2.1/thumb/v6-m/nofp\libcr_eabihelpers.a(double.o)
                0x00006d38                __aeabi_dcmple
 .text.__aeabi_dcmpge
                0x00006d98       0x64 d:/mcuxpressoide_11.2.0_4120/ide/plugins/com.nxp.mcuxpresso.tools.win32_11.2.0.202001021529/tools/bin/../lib/gcc/arm-none-eabi/9.2.1/thumb/v6-m/nofp\libcr_eabihelpers.a(double.o)
                0x00006d98                __aeabi_dcmpge
 .text.UART_EnableTx
                0x00006dfc       0x40 ./utilities/fsl_debug_console.o
 .text.UART_EnableRx
                0x00006e3c       0x40 ./utilities/fsl_debug_console.o
 .text.LPSCI_EnableTx
                0x00006e7c       0x40 ./utilities/fsl_debug_console.o
 .text.LPSCI_EnableRx
                0x00006ebc       0x40 ./utilities/fsl_debug_console.o
 .text.cb_init  0x00006efc       0x48 ./source/Circular_buffer.o
                0x00006efc                cb_init
 .text.cb_Length
                0x00006f44       0x6c ./source/Circular_buffer.o
                0x00006f44                cb_Length
 .text.cb_Enqueue
                0x00006fb0      0x18c ./source/Circular_buffer.o
                0x00006fb0                cb_Enqueue
 .text.cb_Dequeue
                0x0000713c      0x11c ./source/Circular_buffer.o
                0x0000713c                cb_Dequeue
 .text.key_pressed
                0x00007258       0xcc ./source/keypad.o
                0x00007258                key_pressed
 .text.interpolate
                0x00007324       0x48 ./source/sin_trig.o
                0x00007324                interpolate
 .text.OSC_SetExtRefClkConfig
                0x0000736c       0x3e ./drivers/fsl_clock.o
 .text.OSC_SetCapLoad
                0x000073aa       0x42 ./drivers/fsl_clock.o
 .text.CLOCK_GetPll0RefFreq
                0x000073ec       0x10 ./drivers/fsl_clock.o
 .text.CLOCK_SetExternalRefClkConfig
                0x000073fc       0x16 ./drivers/fsl_clock.o
                0x000073fc                CLOCK_SetExternalRefClkConfig
 .text.LPSCI_GetStatusFlags
                0x00007412       0x26 ./drivers/fsl_lpsci.o
                0x00007412                LPSCI_GetStatusFlags
 .text.UART_GetStatusFlags
                0x00007438       0x26 ./drivers/fsl_uart.o
                0x00007438                UART_GetStatusFlags
 .text.UART_WriteBlocking
                0x0000745e       0x3c ./drivers/fsl_uart.o
                0x0000745e                UART_WriteBlocking
 .text.BOARD_InitBootClocks
                0x0000749a        0xe ./board/clock_config.o
                0x0000749a                BOARD_InitBootClocks
 .text.BOARD_InitBootPeripherals
                0x000074a8        0xa ./board/peripherals.o
                0x000074a8                BOARD_InitBootPeripherals
 .text.BOARD_InitBootPins
                0x000074b2        0xe ./board/pin_mux.o
                0x000074b2                BOARD_InitBootPins
 .text.__main   0x000074c0        0xc d:/mcuxpressoide_11.2.0_4120/ide/plugins/com.nxp.mcuxpresso.tools.win32_11.2.0.202001021529/tools/bin/../lib/gcc/arm-none-eabi/9.2.1/../../../../arm-none-eabi/lib/thumb/v6-m/nofp\libcr_semihost_nf.a(_cr__main.o)
                0x000074c0                __CR_SEMIHOST
                0x000074c0                __main
 .text.memcpy   0x000074cc        0x8 d:/mcuxpressoide_11.2.0_4120/ide/plugins/com.nxp.mcuxpresso.tools.win32_11.2.0.202001021529/tools/bin/../lib/gcc/arm-none-eabi/9.2.1/../../../../arm-none-eabi/lib/thumb/v6-m/nofp\libcr_c.a(memcpy.o)
                0x000074cc                memcpy
 .text.memset   0x000074d4        0x8 d:/mcuxpressoide_11.2.0_4120/ide/plugins/com.nxp.mcuxpresso.tools.win32_11.2.0.202001021529/tools/bin/../lib/gcc/arm-none-eabi/9.2.1/../../../../arm-none-eabi/lib/thumb/v6-m/nofp\libcr_c.a(memset.o)
                0x000074d4                memset
 .text.free     0x000074dc       0x2c d:/mcuxpressoide_11.2.0_4120/ide/plugins/com.nxp.mcuxpresso.tools.win32_11.2.0.202001021529/tools/bin/../lib/gcc/arm-none-eabi/9.2.1/../../../../arm-none-eabi/lib/thumb/v6-m/nofp\libcr_c.a(alloc.o)
                0x000074dc                free
 .text.fp_round
                0x00007508       0x4a d:/mcuxpressoide_11.2.0_4120/ide/plugins/com.nxp.mcuxpresso.tools.win32_11.2.0.202001021529/tools/bin/../lib/gcc/arm-none-eabi/9.2.1/../../../../arm-none-eabi/lib/thumb/v6-m/nofp\libcr_c.a(fpprintf.o)
 .text.pr_dec.constprop.0
                0x00007552       0x30 d:/mcuxpressoide_11.2.0_4120/ide/plugins/com.nxp.mcuxpresso.tools.win32_11.2.0.202001021529/tools/bin/../lib/gcc/arm-none-eabi/9.2.1/../../../../arm-none-eabi/lib/thumb/v6-m/nofp\libcr_c.a(fpprintf.o)
 .text.fputs    0x00007582       0x2e d:/mcuxpressoide_11.2.0_4120/ide/plugins/com.nxp.mcuxpresso.tools.win32_11.2.0.202001021529/tools/bin/../lib/gcc/arm-none-eabi/9.2.1/../../../../arm-none-eabi/lib/thumb/v6-m/nofp\libcr_c.a(fputs.o)
                0x00007582                fputs
 .text.sin      0x000075b0       0x36 d:/mcuxpressoide_11.2.0_4120/ide/plugins/com.nxp.mcuxpresso.tools.win32_11.2.0.202001021529/tools/bin/../lib/gcc/arm-none-eabi/9.2.1/../../../../arm-none-eabi/lib/thumb/v6-m/nofp\libcr_c.a(sin.o)
                0x000075b0                sin
 .text.strncasecmp
                0x000075e6       0x3c d:/mcuxpressoide_11.2.0_4120/ide/plugins/com.nxp.mcuxpresso.tools.win32_11.2.0.202001021529/tools/bin/../lib/gcc/arm-none-eabi/9.2.1/../../../../arm-none-eabi/lib/thumb/v6-m/nofp\libcr_c.a(strcasecmp.o)
                0x000075e6                strncasecmp
 .text.fabs     0x00007622       0x22 d:/mcuxpressoide_11.2.0_4120/ide/plugins/com.nxp.mcuxpresso.tools.win32_11.2.0.202001021529/tools/bin/../lib/gcc/arm-none-eabi/9.2.1/../../../../arm-none-eabi/lib/thumb/v6-m/nofp\libcr_c.a(fabs.o)
                0x00007622                fabs
 .text.remove   0x00007644       0x12 d:/mcuxpressoide_11.2.0_4120/ide/plugins/com.nxp.mcuxpresso.tools.win32_11.2.0.202001021529/tools/bin/../lib/gcc/arm-none-eabi/9.2.1/../../../../arm-none-eabi/lib/thumb/v6-m/nofp\libcr_c.a(remove.o)
                0x00007644                remove
 .text.__aeabi_division_idivmod
                0x00007656       0x78 d:/mcuxpressoide_11.2.0_4120/ide/plugins/com.nxp.mcuxpresso.tools.win32_11.2.0.202001021529/tools/bin/../lib/gcc/arm-none-eabi/9.2.1/thumb/v6-m/nofp\libcr_eabihelpers.a(division_32.o)
                0x00007656                __aeabi_idivmod
                0x00007656                __aeabi_idiv
                0x0000765c                __aeabi_uidivmod
                0x0000765c                __aeabi_uidiv
 .text.__aeabi_division_idiv0
                0x000076ce        0x2 d:/mcuxpressoide_11.2.0_4120/ide/plugins/com.nxp.mcuxpresso.tools.win32_11.2.0.202001021529/tools/bin/../lib/gcc/arm-none-eabi/9.2.1/thumb/v6-m/nofp\libcr_eabihelpers.a(division_idiv0.o)
                0x000076ce                __aeabi_idiv0
 .text.__bhs_ui2d
                0x000076d0       0x5e d:/mcuxpressoide_11.2.0_4120/ide/plugins/com.nxp.mcuxpresso.tools.win32_11.2.0.202001021529/tools/bin/../lib/gcc/arm-none-eabi/9.2.1/thumb/v6-m/nofp\libcr_eabihelpers.a(double.o)
                0x000076d0                __bhs_ui2d
 .text.__aeabi_i2d
                0x0000772e       0x18 d:/mcuxpressoide_11.2.0_4120/ide/plugins/com.nxp.mcuxpresso.tools.win32_11.2.0.202001021529/tools/bin/../lib/gcc/arm-none-eabi/9.2.1/thumb/v6-m/nofp\libcr_eabihelpers.a(double.o)
                0x0000772e                __aeabi_i2d
 .text.__aeabi_ui2d
                0x00007746        0xc d:/mcuxpressoide_11.2.0_4120/ide/plugins/com.nxp.mcuxpresso.tools.win32_11.2.0.202001021529/tools/bin/../lib/gcc/arm-none-eabi/9.2.1/thumb/v6-m/nofp\libcr_eabihelpers.a(double.o)
                0x00007746                __aeabi_ui2d
 .text.__aeabi_llong_lmul
                0x00007752       0x2e d:/mcuxpressoide_11.2.0_4120/ide/plugins/com.nxp.mcuxpresso.tools.win32_11.2.0.202001021529/tools/bin/../lib/gcc/arm-none-eabi/9.2.1/thumb/v6-m/nofp\libcr_eabihelpers.a(llong.o)
                0x00007752                __aeabi_lmul
 .text.__aeabi_memcpy
                0x00007780       0x2c d:/mcuxpressoide_11.2.0_4120/ide/plugins/com.nxp.mcuxpresso.tools.win32_11.2.0.202001021529/tools/bin/../lib/gcc/arm-none-eabi/9.2.1/thumb/v6-m/nofp\libcr_eabihelpers.a(memcpy.o)
                0x00007780                __aeabi_memcpy4
                0x00007780                __aeabi_memcpy8
                0x00007780                __aeabi_memcpy
 .text.__aeabi_memset_lowlevel
                0x000077ac       0x2a d:/mcuxpressoide_11.2.0_4120/ide/plugins/com.nxp.mcuxpresso.tools.win32_11.2.0.202001021529/tools/bin/../lib/gcc/arm-none-eabi/9.2.1/thumb/v6-m/nofp\libcr_eabihelpers.a(memcpy.o)
                0x000077ac                __aeabi_lowlevel_memset
 .text.__gnu_thumb1_case_shi
                0x000077d6       0x10 d:/mcuxpressoide_11.2.0_4120/ide/plugins/com.nxp.mcuxpresso.tools.win32_11.2.0.202001021529/tools/bin/../lib/gcc/arm-none-eabi/9.2.1/thumb/v6-m/nofp\libcr_eabihelpers.a(thumb1_switch_helpers.o)
                0x000077d6                __gnu_thumb1_case_shi
 .text.__sys_close
                0x000077e6        0xc d:/mcuxpressoide_11.2.0_4120/ide/plugins/com.nxp.mcuxpresso.tools.win32_11.2.0.202001021529/tools/bin/../lib/gcc/arm-none-eabi/9.2.1/../../../../arm-none-eabi/lib/thumb/v6-m/nofp\libcr_semihost_nf.a(__sys_close.o)
                0x000077e6                __sys_close
 .text.__sys_flen
                0x000077f2        0xc d:/mcuxpressoide_11.2.0_4120/ide/plugins/com.nxp.mcuxpresso.tools.win32_11.2.0.202001021529/tools/bin/../lib/gcc/arm-none-eabi/9.2.1/../../../../arm-none-eabi/lib/thumb/v6-m/nofp\libcr_semihost_nf.a(__sys_flen.o)
                0x000077f2                __sys_flen
 .text.__sys_istty
                0x000077fe        0xc d:/mcuxpressoide_11.2.0_4120/ide/plugins/com.nxp.mcuxpresso.tools.win32_11.2.0.202001021529/tools/bin/../lib/gcc/arm-none-eabi/9.2.1/../../../../arm-none-eabi/lib/thumb/v6-m/nofp\libcr_semihost_nf.a(__sys_istty.o)
                0x000077fe                __sys_istty
 .text.__sys_remove
                0x0000780a        0xc d:/mcuxpressoide_11.2.0_4120/ide/plugins/com.nxp.mcuxpresso.tools.win32_11.2.0.202001021529/tools/bin/../lib/gcc/arm-none-eabi/9.2.1/../../../../arm-none-eabi/lib/thumb/v6-m/nofp\libcr_semihost_nf.a(__sys_remove.o)
                0x0000780a                __sys_remove
 .text.__sys_seek
                0x00007816        0xc d:/mcuxpressoide_11.2.0_4120/ide/plugins/com.nxp.mcuxpresso.tools.win32_11.2.0.202001021529/tools/bin/../lib/gcc/arm-none-eabi/9.2.1/../../../../arm-none-eabi/lib/thumb/v6-m/nofp\libcr_semihost_nf.a(__sys_seek.o)
                0x00007816                __sys_seek
 .text.__sys_tmpnam
                0x00007822        0xc d:/mcuxpressoide_11.2.0_4120/ide/plugins/com.nxp.mcuxpresso.tools.win32_11.2.0.202001021529/tools/bin/../lib/gcc/arm-none-eabi/9.2.1/../../../../arm-none-eabi/lib/thumb/v6-m/nofp\libcr_semihost_nf.a(__sys_tmpnam.o)
                0x00007822                __sys_tmpnam
 *(SORT_BY_ALIGNMENT(.rodata) SORT_BY_ALIGNMENT(.rodata.*) SORT_BY_ALIGNMENT(.constdata) SORT_BY_ALIGNMENT(.constdata.*))
 *fill*         0x0000782e        0x2 ff
 .rodata.cb_Empty.str1.4
                0x00007830       0x1a ./source/Circular_buffer.o
 *fill*         0x0000784a        0x2 ff
 .rodata.cb_Size.str1.4
                0x0000784c       0x1a ./source/Circular_buffer.o
 *fill*         0x00007866        0x2 ff
 .rodata.cb_Full.str1.4
                0x00007868       0x1a ./source/Circular_buffer.o
 *fill*         0x00007882        0x2 ff
 .rodata.command_input.str1.4
                0x00007884       0x23 ./source/Command_logger.o
                                 0x27 (size before relaxing)
 *fill*         0x000078a7        0x1 ff
 .rodata.jingles.str1.4
                0x000078a8       0x19 ./source/Command_process.o
 *fill*         0x000078c1        0x3 ff
 .rodata.song1.str1.4
                0x000078c4       0x60 ./source/Command_process.o
 .rodata.song2.str1.4
                0x00007924       0x75 ./source/Command_process.o
 *fill*         0x00007999        0x3 ff
 .rodata.help.str1.4
                0x0000799c       0xc9 ./source/Command_process.o
 *fill*         0x00007a65        0x3 ff
 .rodata.unknown_command.str1.4
                0x00007a68       0x1f ./source/Command_process.o
 *fill*         0x00007a87        0x1 ff
 .rodata.str1.4
                0x00007a88       0x1e ./source/Command_process.o
                                 0x21 (size before relaxing)
 *fill*         0x00007aa6        0x2 ff
 .rodata.commands
                0x00007aa8       0x28 ./source/Command_process.o
 .rodata.main.str1.4
                0x00007ad0       0x4a ./source/Quick-Fix-Keyboard.o
                                0x116 (size before relaxing)
 *fill*         0x00007b1a        0x2 ff
 .rodata.sin_lookup
                0x00007b1c       0x42 ./source/sin_trig.o
 *fill*         0x00007b5e        0x2 ff
 .rodata.sin1.str1.4
                0x00007b60       0x25 ./source/sin_trig.o
 *fill*         0x00007b85        0x3 ff
 .rodata.test_cbfifo_one_iteration.str1.4
                0x00007b88      0x274 ./source/test_cbfifo.o
 .rodata.test_cbfifo.str1.4
                0x00007dfc       0x28 ./source/test_cbfifo.o
 .rodata.__FUNCTION__.5059
                0x00007e24        0xc ./source/test_cbfifo.o
 .rodata.test_sine.str1.4
                0x00007e30       0x1f ./source/test_sin.o
                                 0x23 (size before relaxing)
 *fill*         0x00007e4f        0x1 ff
 .rodata.CLOCK_GetMcgExtClkFreq.str1.4
                0x00007e50       0x1f ./drivers/fsl_clock.o
 *fill*         0x00007e6f        0x1 ff
 .rodata.CLOCK_GetPll0Freq.str1.4
                0x00007e70       0x1e ./drivers/fsl_clock.o
 *fill*         0x00007e8e        0x2 ff
 .rodata.CLOCK_EnablePll0.str1.4
                0x00007e90       0x1a ./drivers/fsl_clock.o
 *fill*         0x00007eaa        0x2 ff
 .rodata.CLOCK_SetPbeMode.str1.4
                0x00007eac       0x1b ./drivers/fsl_clock.o
 *fill*         0x00007ec7        0x1 ff
 .rodata.CLOCK_BootToPeeMode.str1.4
                0x00007ec8       0x1b ./drivers/fsl_clock.o
 *fill*         0x00007ee3        0x1 ff
 .rodata.fllFactorTable.5210
                0x00007ee4       0x10 ./drivers/fsl_clock.o
 .rodata.LPSCI_GetInstance.str1.4
                0x00007ef4       0x37 ./drivers/fsl_lpsci.o
 *fill*         0x00007f2b        0x1 ff
 .rodata.LPSCI_Init.str1.4
                0x00007f2c       0x44 ./drivers/fsl_lpsci.o
 .rodata.LPSCI_GetDefaultConfig.str1.4
                0x00007f70       0x1a ./drivers/fsl_lpsci.o
 *fill*         0x00007f8a        0x2 ff
 .rodata.LPSCI_WriteBlocking.str1.4
                0x00007f8c       0x18 ./drivers/fsl_lpsci.o
 .rodata.LPSCI_ReadBlocking.str1.4
                0x00007fa4       0x18 ./drivers/fsl_lpsci.o
 .rodata.s_uartBases
                0x00007fbc        0xc ./drivers/fsl_uart.o
 .rodata.s_uartClock
                0x00007fc8        0xc ./drivers/fsl_uart.o
 .rodata.UART_GetInstance.str1.4
                0x00007fd4       0x2c ./drivers/fsl_uart.o
 .rodata.UART_Init.str1.4
                0x00008000       0x43 ./drivers/fsl_uart.o
 *fill*         0x00008043        0x1 ff
 .rodata.UART_GetDefaultConfig.str1.4
                0x00008044       0x19 ./drivers/fsl_uart.o
 *fill*         0x0000805d        0x3 ff
 .rodata.UART_ReadBlocking.str1.4
                0x00008060       0x17 ./drivers/fsl_uart.o
 *fill*         0x00008077        0x1 ff
 .rodata.mcgConfig_BOARD_BootClockRUN
                0x00008078        0xa ./board/clock_config.o
                0x00008078                mcgConfig_BOARD_BootClockRUN
 *fill*         0x00008082        0x2 ff
 .rodata.simConfig_BOARD_BootClockRUN
                0x00008084        0x8 ./board/clock_config.o
                0x00008084                simConfig_BOARD_BootClockRUN
 .rodata.oscConfig_BOARD_BootClockRUN
                0x0000808c        0x8 ./board/clock_config.o
                0x0000808c                oscConfig_BOARD_BootClockRUN
 .rodata.__num_Ciob_streams
                0x00008094        0x4 d:/mcuxpressoide_11.2.0_4120/ide/plugins/com.nxp.mcuxpresso.tools.win32_11.2.0.202001021529/tools/bin/../lib/gcc/arm-none-eabi/9.2.1/../../../../arm-none-eabi/lib/thumb/v6-m/nofp\libcr_semihost_nf.a(__ciob.o)
                0x00008094                __num_Ciob_streams
 .rodata.__assertion_failed.str1.1
                0x00008098       0x15 d:/mcuxpressoide_11.2.0_4120/ide/plugins/com.nxp.mcuxpresso.tools.win32_11.2.0.202001021529/tools/bin/../lib/gcc/arm-none-eabi/9.2.1/../../../../arm-none-eabi/lib/thumb/v6-m/nofp\libcr_semihost_nf.a(_cr_assert.o)
 .rodata._Csys_alloc.str1.1
                0x000080ad       0x18 d:/mcuxpressoide_11.2.0_4120/ide/plugins/com.nxp.mcuxpresso.tools.win32_11.2.0.202001021529/tools/bin/../lib/gcc/arm-none-eabi/9.2.1/../../../../arm-none-eabi/lib/thumb/v6-m/nofp\libcr_c.a(alloc.o)
 .rodata.__ctype
                0x000080c5      0x180 d:/mcuxpressoide_11.2.0_4120/ide/plugins/com.nxp.mcuxpresso.tools.win32_11.2.0.202001021529/tools/bin/../lib/gcc/arm-none-eabi/9.2.1/../../../../arm-none-eabi/lib/thumb/v6-m/nofp\libcr_c.a(ctype.o)
                0x000080c5                __ctype
 .rodata.fp_display.str1.1
                0x00008245       0x32 d:/mcuxpressoide_11.2.0_4120/ide/plugins/com.nxp.mcuxpresso.tools.win32_11.2.0.202001021529/tools/bin/../lib/gcc/arm-none-eabi/9.2.1/../../../../arm-none-eabi/lib/thumb/v6-m/nofp\libcr_c.a(fpprintf.o)
                                 0x35 (size before relaxing)
 .rodata._initio.str1.1
                0x00008277        0x4 d:/mcuxpressoide_11.2.0_4120/ide/plugins/com.nxp.mcuxpresso.tools.win32_11.2.0.202001021529/tools/bin/../lib/gcc/arm-none-eabi/9.2.1/../../../../arm-none-eabi/lib/thumb/v6-m/nofp\libcr_c.a(initio.o)
 .rodata.__vfprintf.str1.1
                0x0000827b       0x31 d:/mcuxpressoide_11.2.0_4120/ide/plugins/com.nxp.mcuxpresso.tools.win32_11.2.0.202001021529/tools/bin/../lib/gcc/arm-none-eabi/9.2.1/../../../../arm-none-eabi/lib/thumb/v6-m/nofp\libcr_c.a(printf.o)
                                 0x38 (size before relaxing)
                0x000082ac                . = ALIGN (0x4)

.glue_7         0x000082ac        0x0
 .glue_7        0x000082ac        0x0 linker stubs

.glue_7t        0x000082ac        0x0
 .glue_7t       0x000082ac        0x0 linker stubs

.vfp11_veneer   0x000082ac        0x0
 .vfp11_veneer  0x000082ac        0x0 linker stubs

.v4_bx          0x000082ac        0x0
 .v4_bx         0x000082ac        0x0 linker stubs

.iplt           0x000082ac        0x0
 .iplt          0x000082ac        0x0 ./utilities/fsl_debug_console.o

.rel.dyn        0x000082ac        0x0
 .rel.iplt      0x000082ac        0x0 ./utilities/fsl_debug_console.o

.ARM.extab
 *(SORT_BY_ALIGNMENT(.ARM.extab*) SORT_BY_ALIGNMENT(.gnu.linkonce.armextab.*))

.ARM.exidx      0x000082ac        0x0
                0x000082ac                __exidx_start = .
 *(SORT_BY_ALIGNMENT(.ARM.exidx*) SORT_BY_ALIGNMENT(.gnu.linkonce.armexidx.*))
                0x000082ac                __exidx_end = .
                0x000082ac                _etext = .

.m_usb_data
 *(SORT_BY_ALIGNMENT(m_usb_bdt))

.mtb_buffer_default
                0x1ffff000       0x80
 *(SORT_BY_ALIGNMENT(.mtb*))
 .mtb.$RAM1     0x1ffff000       0x80 ./source/mtb.o
                0x1ffff000                __mtb_buffer__

.uninit_RESERVED
                0x1ffff080        0x0
                0x1ffff080                _start_uninit_RESERVED = .
 *(SORT_BY_ALIGNMENT(.bss.$RESERVED*))
                0x1ffff080                . = ALIGN (0x4)
                0x1ffff080                _end_uninit_RESERVED = .

.data           0x1ffff080      0x398 load address 0x000082ac
 FILL mask 0xff
                0x1ffff080                _data = .
                [!provide]                PROVIDE (__start_data_RAM = .)
                [!provide]                PROVIDE (__start_data_SRAM = .)
 *(SORT_BY_ALIGNMENT(vtable))
 *(SORT_BY_ALIGNMENT(.ramfunc*))
 *(SORT_BY_ALIGNMENT(CodeQuickAccess))
 *(SORT_BY_ALIGNMENT(DataQuickAccess))
 *(SORT_BY_ALIGNMENT(RamFunction))
 *(SORT_BY_ALIGNMENT(.data*))
 .data.jb_note1
                0x1ffff080       0x50 ./source/jinglebells.o
                0x1ffff080                jb_note1
 .data.jb_n1_delay
                0x1ffff0d0       0x50 ./source/jinglebells.o
                0x1ffff0d0                jb_n1_delay
 .data.jb_n1_delay1
                0x1ffff120       0x50 ./source/jinglebells.o
                0x1ffff120                jb_n1_delay1
 .data.jb_note2
                0x1ffff170       0x18 ./source/jinglebells.o
                0x1ffff170                jb_note2
 .data.jb_n2_delay
                0x1ffff188       0x18 ./source/jinglebells.o
                0x1ffff188                jb_n2_delay
 .data.jb_n2_delay1
                0x1ffff1a0       0x18 ./source/jinglebells.o
                0x1ffff1a0                jb_n2_delay1
 .data.jb_note3
                0x1ffff1b8       0x14 ./source/jinglebells.o
                0x1ffff1b8                jb_note3
 .data.jb_n3_delay
                0x1ffff1cc       0x14 ./source/jinglebells.o
                0x1ffff1cc                jb_n3_delay
 .data.jb_n3_delay1
                0x1ffff1e0       0x14 ./source/jinglebells.o
                0x1ffff1e0                jb_n3_delay1
 .data.row      0x1ffff1f4        0x2 ./source/keypad.o
                0x1ffff1f4                row
 *fill*         0x1ffff1f6        0x2 ff
 .data.col      0x1ffff1f8        0x4 ./source/keypad.o
                0x1ffff1f8                col
 .data.piyu_note1
                0x1ffff1fc       0x10 ./source/piyu_bole.o
                0x1ffff1fc                piyu_note1
 .data.piyu_note2
                0x1ffff20c       0x10 ./source/piyu_bole.o
                0x1ffff20c                piyu_note2
 .data.piyu_note3
                0x1ffff21c        0xc ./source/piyu_bole.o
                0x1ffff21c                piyu_note3
 .data.piyu_note4
                0x1ffff228        0xc ./source/piyu_bole.o
                0x1ffff228                piyu_note4
 .data.note1    0x1ffff234       0x80 ./source/rabta.o
                0x1ffff234                note1
 .data.note2    0x1ffff2b4       0x20 ./source/rabta.o
                0x1ffff2b4                note2
 .data.note3    0x1ffff2d4       0x60 ./source/rabta.o
                0x1ffff2d4                note3
 .data.note4    0x1ffff334       0x20 ./source/rabta.o
                0x1ffff334                note4
 .data.note5    0x1ffff354       0x30 ./source/rabta.o
                0x1ffff354                note5
 .data.note6    0x1ffff384       0x14 ./source/rabta.o
                0x1ffff384                note6
 .data.note7    0x1ffff398       0x18 ./source/rabta.o
                0x1ffff398                note7
 .data.note8    0x1ffff3b0       0x60 ./source/rabta.o
                0x1ffff3b0                note8
 .data.s_slowIrcFreq
                0x1ffff410        0x4 ./drivers/fsl_clock.o
 .data.SystemCoreClock
                0x1ffff414        0x4 ./CMSIS/system_MKL25Z4.o
                0x1ffff414                SystemCoreClock
                0x1ffff418                . = ALIGN (0x4)
                0x1ffff418                _edata = .
                [!provide]                PROVIDE (__end_data_RAM = .)
                [!provide]                PROVIDE (__end_data_SRAM = .)

.igot.plt       0x1ffff418        0x0 load address 0x00008644
 .igot.plt      0x1ffff418        0x0 ./utilities/fsl_debug_console.o

.bss            0x1ffff418      0xc2c
                0x1ffff418                _bss = .
                [!provide]                PROVIDE (__start_bss_RAM = .)
                [!provide]                PROVIDE (__start_bss_SRAM = .)
 *(SORT_BY_ALIGNMENT(.bss*))
 .bss.s_debugConsole
                0x1ffff418       0x10 ./utilities/fsl_debug_console.o
 .bss.TxQ       0x1ffff428      0x110 ./source/Uart.o
                0x1ffff428                TxQ
 .bss.RxQ       0x1ffff538      0x110 ./source/Uart.o
                0x1ffff538                RxQ
 .bss.Reload_DMA_Source
                0x1ffff648      0x800 ./source/analog_out.o
                0x1ffff648                Reload_DMA_Source
 .bss.Reload_DMA_Byte_Count
                0x1ffffe48        0x4 ./source/analog_out.o
                0x1ffffe48                Reload_DMA_Byte_Count
 .bss.kCB_TX_FIFO
                0x1ffffe4c      0x110 ./source/test_cbfifo.o
                0x1ffffe4c                kCB_TX_FIFO
 .bss.g_tests_passed
                0x1fffff5c        0x4 ./source/test_cbfifo.o
 .bss.g_tests_total
                0x1fffff60        0x4 ./source/test_cbfifo.o
 .bss.g_skip_tests
                0x1fffff64        0x4 ./source/test_cbfifo.o
 .bss.g_xtal0Freq
                0x1fffff68        0x4 ./drivers/fsl_clock.o
                0x1fffff68                g_xtal0Freq
 .bss.s_lpsciHandle
                0x1fffff6c        0x4 ./drivers/fsl_lpsci.o
 .bss.s_lpsciIsr
                0x1fffff70        0x4 ./drivers/fsl_lpsci.o
 .bss.s_uartHandle
                0x1fffff74        0xc ./drivers/fsl_uart.o
 .bss.s_uartIsr
                0x1fffff80        0x4 ./drivers/fsl_uart.o
 .bss.__Ciob    0x1fffff84       0xb4 d:/mcuxpressoide_11.2.0_4120/ide/plugins/com.nxp.mcuxpresso.tools.win32_11.2.0.202001021529/tools/bin/../lib/gcc/arm-none-eabi/9.2.1/../../../../arm-none-eabi/lib/thumb/v6-m/nofp\libcr_semihost_nf.a(__ciob.o)
                0x1fffff84                __Ciob
 .bss.__end_of_heap
                0x20000038        0x4 d:/mcuxpressoide_11.2.0_4120/ide/plugins/com.nxp.mcuxpresso.tools.win32_11.2.0.202001021529/tools/bin/../lib/gcc/arm-none-eabi/9.2.1/../../../../arm-none-eabi/lib/thumb/v6-m/nofp\libcr_c.a(__init_alloc.o)
                0x20000038                __end_of_heap
 .bss.__heaps   0x2000003c        0x4 d:/mcuxpressoide_11.2.0_4120/ide/plugins/com.nxp.mcuxpresso.tools.win32_11.2.0.202001021529/tools/bin/../lib/gcc/arm-none-eabi/9.2.1/../../../../arm-none-eabi/lib/thumb/v6-m/nofp\libcr_c.a(__init_alloc.o)
                0x2000003c                __heaps
 .bss.errno     0x20000040        0x4 d:/mcuxpressoide_11.2.0_4120/ide/plugins/com.nxp.mcuxpresso.tools.win32_11.2.0.202001021529/tools/bin/../lib/gcc/arm-none-eabi/9.2.1/../../../../arm-none-eabi/lib/thumb/v6-m/nofp\libcr_c.a(errno.o)
                0x20000040                errno
 *(SORT_BY_ALIGNMENT(COMMON))
                0x20000044                . = ALIGN (0x4)
                0x20000044                _ebss = .
                [!provide]                PROVIDE (__end_bss_RAM = .)
                [!provide]                PROVIDE (__end_bss_SRAM = .)
                [!provide]                PROVIDE (end = .)

.noinit         0x20000044        0x0
                0x20000044                _noinit = .
                [!provide]                PROVIDE (__start_noinit_RAM = .)
                [!provide]                PROVIDE (__start_noinit_SRAM = .)
 *(SORT_BY_ALIGNMENT(.noinit*))
                0x20000044                . = ALIGN (0x4)
                0x20000044                _end_noinit = .
                [!provide]                PROVIDE (__end_noinit_RAM = .)
                [!provide]                PROVIDE (__end_noinit_SRAM = .)
                0x00000400                _HeapSize = 0x400

.heap           0x20000044      0x400
                0x20000044                _pvHeapStart = .
                0x20000444                . = (. + _HeapSize)
 *fill*         0x20000044      0x400 
                0x20000444                . = ALIGN (0x4)
                0x20000444                _pvHeapLimit = .
                0x00000400                _StackSize = 0x400

.heap2stackfill
                0x20000444      0x400
                0x20000844                . = (. + _StackSize)
 *fill*         0x20000444      0x400 

.stack          0x20002c00        0x0
                0x20002c00                _vStackBase = .
                0x20002c00                . = ALIGN (0x4)
                0x20003000                _vStackTop = (. + _StackSize)
                0x00000000                _image_start = LOADADDR (.text)
                0x00008644                _image_end = (LOADADDR (.data) + SIZEOF (.data))
                0x00008644                _image_size = (_image_end - _image_start)
OUTPUT(Quick-Fix-Keyboard.axf elf32-littlearm)

.debug_info     0x00000000     0xe312
 .debug_info    0x00000000      0xa38 ./utilities/fsl_debug_console.o
 .debug_info    0x00000a38      0x4df ./startup/startup_mkl25z4.o
 .debug_info    0x00000f17      0x5ea ./source/Circular_buffer.o
 .debug_info    0x00001501      0x61e ./source/Command_logger.o
 .debug_info    0x00001b1f      0x908 ./source/Command_process.o
 .debug_info    0x00002427      0x533 ./source/DAC_config.o
 .debug_info    0x0000295a      0x5a8 ./source/Quick-Fix-Keyboard.o
 .debug_info    0x00002f02      0xe86 ./source/Uart.o
 .debug_info    0x00003d88      0xce3 ./source/analog_out.o
 .debug_info    0x00004a6b      0x915 ./source/jinglebells.o
 .debug_info    0x00005380      0xbe8 ./source/keypad.o
 .debug_info    0x00005f68       0x53 ./source/mtb.o
 .debug_info    0x00005fbb      0x9d5 ./source/piyu_bole.o
 .debug_info    0x00006990      0x8fa ./source/rabta.o
 .debug_info    0x0000728a       0x3c ./source/semihost_hardfault.o
 .debug_info    0x000072c6      0x2ea ./source/sin_trig.o
 .debug_info    0x000075b0      0xada ./source/test_cbfifo.o
 .debug_info    0x0000808a      0x25b ./source/test_sin.o
 .debug_info    0x000082e5     0x1a97 ./drivers/fsl_clock.o
 .debug_info    0x00009d7c     0x1469 ./drivers/fsl_lpsci.o
 .debug_info    0x0000b1e5     0x140a ./drivers/fsl_uart.o
 .debug_info    0x0000c5ef      0x80b ./board/board.o
 .debug_info    0x0000cdfa      0xb00 ./board/clock_config.o
 .debug_info    0x0000d8fa       0x3c ./board/peripherals.o
 .debug_info    0x0000d936      0x5a3 ./board/pin_mux.o
 .debug_info    0x0000ded9      0x439 ./CMSIS/system_MKL25Z4.o

.debug_abbrev   0x00000000     0x2d23
 .debug_abbrev  0x00000000      0x22c ./utilities/fsl_debug_console.o
 .debug_abbrev  0x0000022c      0x18d ./startup/startup_mkl25z4.o
 .debug_abbrev  0x000003b9      0x209 ./source/Circular_buffer.o
 .debug_abbrev  0x000005c2      0x179 ./source/Command_logger.o
 .debug_abbrev  0x0000073b      0x203 ./source/Command_process.o
 .debug_abbrev  0x0000093e      0x13c ./source/DAC_config.o
 .debug_abbrev  0x00000a7a      0x150 ./source/Quick-Fix-Keyboard.o
 .debug_abbrev  0x00000bca      0x27b ./source/Uart.o
 .debug_abbrev  0x00000e45      0x28e ./source/analog_out.o
 .debug_abbrev  0x000010d3      0x1dd ./source/jinglebells.o
 .debug_abbrev  0x000012b0      0x250 ./source/keypad.o
 .debug_abbrev  0x00001500       0x46 ./source/mtb.o
 .debug_abbrev  0x00001546      0x1dd ./source/piyu_bole.o
 .debug_abbrev  0x00001723      0x1c7 ./source/rabta.o
 .debug_abbrev  0x000018ea       0x31 ./source/semihost_hardfault.o
 .debug_abbrev  0x0000191b      0x11f ./source/sin_trig.o
 .debug_abbrev  0x00001a3a      0x160 ./source/test_cbfifo.o
 .debug_abbrev  0x00001b9a       0xe5 ./source/test_sin.o
 .debug_abbrev  0x00001c7f      0x36f ./drivers/fsl_clock.o
 .debug_abbrev  0x00001fee      0x309 ./drivers/fsl_lpsci.o
 .debug_abbrev  0x000022f7      0x323 ./drivers/fsl_uart.o
 .debug_abbrev  0x0000261a      0x1a7 ./board/board.o
 .debug_abbrev  0x000027c1      0x220 ./board/clock_config.o
 .debug_abbrev  0x000029e1       0x31 ./board/peripherals.o
 .debug_abbrev  0x00002a12      0x1bb ./board/pin_mux.o
 .debug_abbrev  0x00002bcd      0x156 ./CMSIS/system_MKL25Z4.o

.debug_aranges  0x00000000      0x9f0
 .debug_aranges
                0x00000000       0x58 ./utilities/fsl_debug_console.o
 .debug_aranges
                0x00000058      0x160 ./startup/startup_mkl25z4.o
 .debug_aranges
                0x000001b8       0x50 ./source/Circular_buffer.o
 .debug_aranges
                0x00000208       0x20 ./source/Command_logger.o
 .debug_aranges
                0x00000228       0x48 ./source/Command_process.o
 .debug_aranges
                0x00000270       0x20 ./source/DAC_config.o
 .debug_aranges
                0x00000290       0x20 ./source/Quick-Fix-Keyboard.o
 .debug_aranges
                0x000002b0       0x50 ./source/Uart.o
 .debug_aranges
                0x00000300       0x60 ./source/analog_out.o
 .debug_aranges
                0x00000360       0x28 ./source/jinglebells.o
 .debug_aranges
                0x00000388       0x50 ./source/keypad.o
 .debug_aranges
                0x000003d8       0x18 ./source/mtb.o
 .debug_aranges
                0x000003f0       0x28 ./source/piyu_bole.o
 .debug_aranges
                0x00000418       0x28 ./source/rabta.o
 .debug_aranges
                0x00000440       0x20 ./source/semihost_hardfault.o
 .debug_aranges
                0x00000460       0x28 ./source/sin_trig.o
 .debug_aranges
                0x00000488       0x28 ./source/test_cbfifo.o
 .debug_aranges
                0x000004b0       0x20 ./source/test_sin.o
 .debug_aranges
                0x000004d0      0x1d8 ./drivers/fsl_clock.o
 .debug_aranges
                0x000006a8      0x118 ./drivers/fsl_lpsci.o
 .debug_aranges
                0x000007c0      0x130 ./drivers/fsl_uart.o
 .debug_aranges
                0x000008f0       0x28 ./board/board.o
 .debug_aranges
                0x00000918       0x58 ./board/clock_config.o
 .debug_aranges
                0x00000970       0x20 ./board/peripherals.o
 .debug_aranges
                0x00000990       0x38 ./board/pin_mux.o
 .debug_aranges
                0x000009c8       0x28 ./CMSIS/system_MKL25Z4.o

.debug_ranges   0x00000000      0x860
 .debug_ranges  0x00000000       0x48 ./utilities/fsl_debug_console.o
 .debug_ranges  0x00000048      0x150 ./startup/startup_mkl25z4.o
 .debug_ranges  0x00000198       0x40 ./source/Circular_buffer.o
 .debug_ranges  0x000001d8       0x10 ./source/Command_logger.o
 .debug_ranges  0x000001e8       0x38 ./source/Command_process.o
 .debug_ranges  0x00000220       0x10 ./source/DAC_config.o
 .debug_ranges  0x00000230       0x10 ./source/Quick-Fix-Keyboard.o
 .debug_ranges  0x00000240       0x40 ./source/Uart.o
 .debug_ranges  0x00000280       0x50 ./source/analog_out.o
 .debug_ranges  0x000002d0       0x18 ./source/jinglebells.o
 .debug_ranges  0x000002e8       0x40 ./source/keypad.o
 .debug_ranges  0x00000328       0x18 ./source/piyu_bole.o
 .debug_ranges  0x00000340       0x18 ./source/rabta.o
 .debug_ranges  0x00000358       0x10 ./source/semihost_hardfault.o
 .debug_ranges  0x00000368       0x18 ./source/sin_trig.o
 .debug_ranges  0x00000380       0x30 ./source/test_cbfifo.o
 .debug_ranges  0x000003b0       0x10 ./source/test_sin.o
 .debug_ranges  0x000003c0      0x1c8 ./drivers/fsl_clock.o
 .debug_ranges  0x00000588      0x108 ./drivers/fsl_lpsci.o
 .debug_ranges  0x00000690      0x120 ./drivers/fsl_uart.o
 .debug_ranges  0x000007b0       0x18 ./board/board.o
 .debug_ranges  0x000007c8       0x48 ./board/clock_config.o
 .debug_ranges  0x00000810       0x10 ./board/peripherals.o
 .debug_ranges  0x00000820       0x28 ./board/pin_mux.o
 .debug_ranges  0x00000848       0x18 ./CMSIS/system_MKL25Z4.o

.debug_macro    0x00000000     0x9e3b
 .debug_macro   0x00000000      0x13a ./utilities/fsl_debug_console.o
 .debug_macro   0x0000013a      0xab4 ./utilities/fsl_debug_console.o
 .debug_macro   0x00000bee       0x10 ./utilities/fsl_debug_console.o
 .debug_macro   0x00000bfe       0x16 ./utilities/fsl_debug_console.o
 .debug_macro   0x00000c14       0x10 ./utilities/fsl_debug_console.o
 .debug_macro   0x00000c24      0x12e ./utilities/fsl_debug_console.o
 .debug_macro   0x00000d52       0x28 ./utilities/fsl_debug_console.o
 .debug_macro   0x00000d7a       0xc4 ./utilities/fsl_debug_console.o
 .debug_macro   0x00000e3e       0x16 ./utilities/fsl_debug_console.o
 .debug_macro   0x00000e54       0x22 ./utilities/fsl_debug_console.o
 .debug_macro   0x00000e76      0x5b3 ./utilities/fsl_debug_console.o
 .debug_macro   0x00001429       0x10 ./utilities/fsl_debug_console.o
 .debug_macro   0x00001439       0x3f ./utilities/fsl_debug_console.o
 .debug_macro   0x00001478       0x3a ./utilities/fsl_debug_console.o
 .debug_macro   0x000014b2       0x26 ./utilities/fsl_debug_console.o
 .debug_macro   0x000014d8      0x329 ./utilities/fsl_debug_console.o
 .debug_macro   0x00001801       0x30 ./utilities/fsl_debug_console.o
 .debug_macro   0x00001831     0x51e2 ./utilities/fsl_debug_console.o
 .debug_macro   0x00006a13     0x1352 ./utilities/fsl_debug_console.o
 .debug_macro   0x00007d65       0x3a ./utilities/fsl_debug_console.o
 .debug_macro   0x00007d9f       0xf4 ./utilities/fsl_debug_console.o
 .debug_macro   0x00007e93       0x35 ./utilities/fsl_debug_console.o
 .debug_macro   0x00007ec8       0x9a ./utilities/fsl_debug_console.o
 .debug_macro   0x00007f62       0x2e ./utilities/fsl_debug_console.o
 .debug_macro   0x00007f90       0x10 ./utilities/fsl_debug_console.o
 .debug_macro   0x00007fa0       0x10 ./utilities/fsl_debug_console.o
 .debug_macro   0x00007fb0       0x29 ./startup/startup_mkl25z4.o
 .debug_macro   0x00007fd9       0xe6 ./source/Circular_buffer.o
 .debug_macro   0x000080bf       0x34 ./source/Circular_buffer.o
 .debug_macro   0x000080f3       0x1c ./source/Circular_buffer.o
 .debug_macro   0x0000810f      0x1c4 ./source/Command_logger.o
 .debug_macro   0x000082d3       0x16 ./source/Command_logger.o
 .debug_macro   0x000082e9       0x10 ./source/Command_logger.o
 .debug_macro   0x000082f9      0x112 ./source/Command_logger.o
 .debug_macro   0x0000840b       0x34 ./source/Command_logger.o
 .debug_macro   0x0000843f       0x2e ./source/Command_logger.o
 .debug_macro   0x0000846d       0x40 ./source/Command_logger.o
 .debug_macro   0x000084ad       0x7c ./source/Command_logger.o
 .debug_macro   0x00008529      0x1cd ./source/Command_process.o
 .debug_macro   0x000086f6       0xb6 ./source/DAC_config.o
 .debug_macro   0x000087ac       0x1c ./source/DAC_config.o
 .debug_macro   0x000087c8       0xa0 ./source/DAC_config.o
 .debug_macro   0x00008868       0x10 ./source/DAC_config.o
 .debug_macro   0x00008878      0x1cc ./source/Quick-Fix-Keyboard.o
 .debug_macro   0x00008a44       0x10 ./source/Quick-Fix-Keyboard.o
 .debug_macro   0x00008a54       0x22 ./source/Quick-Fix-Keyboard.o
 .debug_macro   0x00008a76       0x2e ./source/Quick-Fix-Keyboard.o
 .debug_macro   0x00008aa4      0x177 ./source/Uart.o
 .debug_macro   0x00008c1b      0x132 ./source/analog_out.o
 .debug_macro   0x00008d4d       0x1c ./source/analog_out.o
 .debug_macro   0x00008d69      0x14d ./source/jinglebells.o
 .debug_macro   0x00008eb6      0x18f ./source/keypad.o
 .debug_macro   0x00009045       0x2f ./source/mtb.o
 .debug_macro   0x00009074       0x82 ./source/mtb.o
 .debug_macro   0x000090f6       0x10 ./source/mtb.o
 .debug_macro   0x00009106      0x159 ./source/piyu_bole.o
 .debug_macro   0x0000925f      0x16b ./source/rabta.o
 .debug_macro   0x000093ca       0x11 ./source/semihost_hardfault.o
 .debug_macro   0x000093db       0xc2 ./source/sin_trig.o
 .debug_macro   0x0000949d       0xfc ./source/test_cbfifo.o
 .debug_macro   0x00009599      0x11a ./source/test_sin.o
 .debug_macro   0x000096b3      0x196 ./drivers/fsl_clock.o
 .debug_macro   0x00009849       0xec ./drivers/fsl_lpsci.o
 .debug_macro   0x00009935       0xf2 ./drivers/fsl_uart.o
 .debug_macro   0x00009a27      0x12b ./board/board.o
 .debug_macro   0x00009b52      0x123 ./board/clock_config.o
 .debug_macro   0x00009c75       0x1b ./board/peripherals.o
 .debug_macro   0x00009c90      0x107 ./board/pin_mux.o
 .debug_macro   0x00009d97       0x10 ./board/pin_mux.o
 .debug_macro   0x00009da7       0x94 ./CMSIS/system_MKL25Z4.o

.debug_line     0x00000000     0x84d6
 .debug_line    0x00000000      0x4c5 ./utilities/fsl_debug_console.o
 .debug_line    0x000004c5      0x1e7 ./startup/startup_mkl25z4.o
 .debug_line    0x000006ac      0x554 ./source/Circular_buffer.o
 .debug_line    0x00000c00      0x455 ./source/Command_logger.o
 .debug_line    0x00001055      0x562 ./source/Command_process.o
 .debug_line    0x000015b7      0x25a ./source/DAC_config.o
 .debug_line    0x00001811      0x46c ./source/Quick-Fix-Keyboard.o
 .debug_line    0x00001c7d      0x596 ./source/Uart.o
 .debug_line    0x00002213      0x538 ./source/analog_out.o
 .debug_line    0x0000274b      0x444 ./source/jinglebells.o
 .debug_line    0x00002b8f      0x533 ./source/keypad.o
 .debug_line    0x000030c2       0xcd ./source/mtb.o
 .debug_line    0x0000318f      0x58b ./source/piyu_bole.o
 .debug_line    0x0000371a      0x50a ./source/rabta.o
 .debug_line    0x00003c24       0x59 ./source/semihost_hardfault.o
 .debug_line    0x00003c7d      0x2c4 ./source/sin_trig.o
 .debug_line    0x00003f41      0x69d ./source/test_cbfifo.o
 .debug_line    0x000045de      0x378 ./source/test_sin.o
 .debug_line    0x00004956     0x12de ./drivers/fsl_clock.o
 .debug_line    0x00005c34      0xd57 ./drivers/fsl_lpsci.o
 .debug_line    0x0000698b      0xd46 ./drivers/fsl_uart.o
 .debug_line    0x000076d1      0x36d ./board/board.o
 .debug_line    0x00007a3e      0x3c5 ./board/clock_config.o
 .debug_line    0x00007e03       0x5c ./board/peripherals.o
 .debug_line    0x00007e5f      0x34c ./board/pin_mux.o
 .debug_line    0x000081ab      0x32b ./CMSIS/system_MKL25Z4.o

.debug_str      0x00000000    0x36994
 .debug_str     0x00000000    0x31574 ./utilities/fsl_debug_console.o
                              0x317d9 (size before relaxing)
 .debug_str     0x00031574      0x3e1 ./startup/startup_mkl25z4.o
                               0x31fd (size before relaxing)
 .debug_str     0x00031955      0x14e ./source/Circular_buffer.o
                              0x2931d (size before relaxing)
 .debug_str     0x00031aa3     0x108d ./source/Command_logger.o
                              0x31a6b (size before relaxing)
 .debug_str     0x00032b30       0xcf ./source/Command_process.o
                              0x31f63 (size before relaxing)
 .debug_str     0x00032bff      0x18e ./source/DAC_config.o
                              0x296e2 (size before relaxing)
 .debug_str     0x00032d8d       0x5d ./source/Quick-Fix-Keyboard.o
                              0x31870 (size before relaxing)
 .debug_str     0x00032dea      0x280 ./source/Uart.o
                              0x31fd2 (size before relaxing)
 .debug_str     0x0003306a      0x14b ./source/analog_out.o
                              0x31771 (size before relaxing)
 .debug_str     0x000331b5       0xb1 ./source/jinglebells.o
                              0x31bc8 (size before relaxing)
 .debug_str     0x00033266      0x14d ./source/keypad.o
                              0x31d3f (size before relaxing)
 .debug_str     0x000333b3      0x532 ./source/mtb.o
                               0x3309 (size before relaxing)
 .debug_str     0x000338e5       0x95 ./source/piyu_bole.o
                              0x31ba6 (size before relaxing)
 .debug_str     0x0003397a       0x83 ./source/rabta.o
                              0x31b7f (size before relaxing)
 .debug_str     0x000339fd       0x1f ./source/semihost_hardfault.o
                               0x2df6 (size before relaxing)
 .debug_str     0x00033a1c       0x8c ./source/sin_trig.o
                              0x296d0 (size before relaxing)
 .debug_str     0x00033aa8      0x285 ./source/test_cbfifo.o
                              0x294f6 (size before relaxing)
 .debug_str     0x00033d2d       0x4b ./source/test_sin.o
                              0x30e2d (size before relaxing)
 .debug_str     0x00033d78     0x14d7 ./drivers/fsl_clock.o
                              0x32304 (size before relaxing)
 .debug_str     0x0003524f      0x966 ./drivers/fsl_lpsci.o
                              0x3190c (size before relaxing)
 .debug_str     0x00035bb5      0x832 ./drivers/fsl_uart.o
                              0x3192f (size before relaxing)
 .debug_str     0x000363e7       0x4c ./board/board.o
                              0x316ec (size before relaxing)
 .debug_str     0x00036433      0x300 ./board/clock_config.o
                              0x31232 (size before relaxing)
 .debug_str     0x00036733       0x31 ./board/peripherals.o
                               0x2e07 (size before relaxing)
 .debug_str     0x00036764      0x1e1 ./board/pin_mux.o
                              0x30995 (size before relaxing)
 .debug_str     0x00036945       0x4f ./CMSIS/system_MKL25Z4.o
                              0x2fc6e (size before relaxing)

.comment        0x00000000       0x79
 .comment       0x00000000       0x79 ./utilities/fsl_debug_console.o
                                 0x7a (size before relaxing)
 .comment       0x00000079       0x7a ./startup/startup_mkl25z4.o
 .comment       0x00000079       0x7a ./source/Circular_buffer.o
 .comment       0x00000079       0x7a ./source/Command_logger.o
 .comment       0x00000079       0x7a ./source/Command_process.o
 .comment       0x00000079       0x7a ./source/DAC_config.o
 .comment       0x00000079       0x7a ./source/Quick-Fix-Keyboard.o
 .comment       0x00000079       0x7a ./source/Uart.o
 .comment       0x00000079       0x7a ./source/analog_out.o
 .comment       0x00000079       0x7a ./source/jinglebells.o
 .comment       0x00000079       0x7a ./source/keypad.o
 .comment       0x00000079       0x7a ./source/mtb.o
 .comment       0x00000079       0x7a ./source/piyu_bole.o
 .comment       0x00000079       0x7a ./source/rabta.o
 .comment       0x00000079       0x7a ./source/semihost_hardfault.o
 .comment       0x00000079       0x7a ./source/sin_trig.o
 .comment       0x00000079       0x7a ./source/test_cbfifo.o
 .comment       0x00000079       0x7a ./source/test_sin.o
 .comment       0x00000079       0x7a ./drivers/fsl_clock.o
 .comment       0x00000079       0x7a ./drivers/fsl_lpsci.o
 .comment       0x00000079       0x7a ./drivers/fsl_uart.o
 .comment       0x00000079       0x7a ./board/board.o
 .comment       0x00000079       0x7a ./board/clock_config.o
 .comment       0x00000079       0x7a ./board/peripherals.o
 .comment       0x00000079       0x7a ./board/pin_mux.o
 .comment       0x00000079       0x7a ./CMSIS/system_MKL25Z4.o
 .comment       0x00000079       0x7a d:/mcuxpressoide_11.2.0_4120/ide/plugins/com.nxp.mcuxpresso.tools.win32_11.2.0.202001021529/tools/bin/../lib/gcc/arm-none-eabi/9.2.1/../../../../arm-none-eabi/lib/thumb/v6-m/nofp\libcr_semihost_nf.a(__ciob.o)
 .comment       0x00000079       0x7a d:/mcuxpressoide_11.2.0_4120/ide/plugins/com.nxp.mcuxpresso.tools.win32_11.2.0.202001021529/tools/bin/../lib/gcc/arm-none-eabi/9.2.1/../../../../arm-none-eabi/lib/thumb/v6-m/nofp\libcr_semihost_nf.a(_cr__main.o)
 .comment       0x00000079       0x7a d:/mcuxpressoide_11.2.0_4120/ide/plugins/com.nxp.mcuxpresso.tools.win32_11.2.0.202001021529/tools/bin/../lib/gcc/arm-none-eabi/9.2.1/../../../../arm-none-eabi/lib/thumb/v6-m/nofp\libcr_semihost_nf.a(_cr_assert.o)
 .comment       0x00000079       0x7a d:/mcuxpressoide_11.2.0_4120/ide/plugins/com.nxp.mcuxpresso.tools.win32_11.2.0.202001021529/tools/bin/../lib/gcc/arm-none-eabi/9.2.1/../../../../arm-none-eabi/lib/thumb/v6-m/nofp\libcr_c.a(memcpy.o)
 .comment       0x00000079       0x7a d:/mcuxpressoide_11.2.0_4120/ide/plugins/com.nxp.mcuxpresso.tools.win32_11.2.0.202001021529/tools/bin/../lib/gcc/arm-none-eabi/9.2.1/../../../../arm-none-eabi/lib/thumb/v6-m/nofp\libcr_c.a(memset.o)
 .comment       0x00000079       0x7a d:/mcuxpressoide_11.2.0_4120/ide/plugins/com.nxp.mcuxpresso.tools.win32_11.2.0.202001021529/tools/bin/../lib/gcc/arm-none-eabi/9.2.1/../../../../arm-none-eabi/lib/thumb/v6-m/nofp\libcr_c.a(_deferredlazyseek.o)
 .comment       0x00000079       0x7a d:/mcuxpressoide_11.2.0_4120/ide/plugins/com.nxp.mcuxpresso.tools.win32_11.2.0.202001021529/tools/bin/../lib/gcc/arm-none-eabi/9.2.1/../../../../arm-none-eabi/lib/thumb/v6-m/nofp\libcr_c.a(_fflush.o)
 .comment       0x00000079       0x7a d:/mcuxpressoide_11.2.0_4120/ide/plugins/com.nxp.mcuxpresso.tools.win32_11.2.0.202001021529/tools/bin/../lib/gcc/arm-none-eabi/9.2.1/../../../../arm-none-eabi/lib/thumb/v6-m/nofp\libcr_c.a(_writebuf.o)
 .comment       0x00000079       0x7a d:/mcuxpressoide_11.2.0_4120/ide/plugins/com.nxp.mcuxpresso.tools.win32_11.2.0.202001021529/tools/bin/../lib/gcc/arm-none-eabi/9.2.1/../../../../arm-none-eabi/lib/thumb/v6-m/nofp\libcr_c.a(alloc.o)
 .comment       0x00000079       0x7a d:/mcuxpressoide_11.2.0_4120/ide/plugins/com.nxp.mcuxpresso.tools.win32_11.2.0.202001021529/tools/bin/../lib/gcc/arm-none-eabi/9.2.1/../../../../arm-none-eabi/lib/thumb/v6-m/nofp\libcr_c.a(ctype.o)
 .comment       0x00000079       0x7a d:/mcuxpressoide_11.2.0_4120/ide/plugins/com.nxp.mcuxpresso.tools.win32_11.2.0.202001021529/tools/bin/../lib/gcc/arm-none-eabi/9.2.1/../../../../arm-none-eabi/lib/thumb/v6-m/nofp\libcr_c.a(fpprintf.o)
 .comment       0x00000079       0x7a d:/mcuxpressoide_11.2.0_4120/ide/plugins/com.nxp.mcuxpresso.tools.win32_11.2.0.202001021529/tools/bin/../lib/gcc/arm-none-eabi/9.2.1/../../../../arm-none-eabi/lib/thumb/v6-m/nofp\libcr_c.a(fputs.o)
 .comment       0x00000079       0x7a d:/mcuxpressoide_11.2.0_4120/ide/plugins/com.nxp.mcuxpresso.tools.win32_11.2.0.202001021529/tools/bin/../lib/gcc/arm-none-eabi/9.2.1/../../../../arm-none-eabi/lib/thumb/v6-m/nofp\libcr_c.a(fseek.o)
 .comment       0x00000079       0x7a d:/mcuxpressoide_11.2.0_4120/ide/plugins/com.nxp.mcuxpresso.tools.win32_11.2.0.202001021529/tools/bin/../lib/gcc/arm-none-eabi/9.2.1/../../../../arm-none-eabi/lib/thumb/v6-m/nofp\libcr_c.a(ftell.o)
 .comment       0x00000079       0x7a d:/mcuxpressoide_11.2.0_4120/ide/plugins/com.nxp.mcuxpresso.tools.win32_11.2.0.202001021529/tools/bin/../lib/gcc/arm-none-eabi/9.2.1/../../../../arm-none-eabi/lib/thumb/v6-m/nofp\libcr_c.a(initio.o)
 .comment       0x00000079       0x7a d:/mcuxpressoide_11.2.0_4120/ide/plugins/com.nxp.mcuxpresso.tools.win32_11.2.0.202001021529/tools/bin/../lib/gcc/arm-none-eabi/9.2.1/../../../../arm-none-eabi/lib/thumb/v6-m/nofp\libcr_c.a(printf.o)
 .comment       0x00000079       0x7a d:/mcuxpressoide_11.2.0_4120/ide/plugins/com.nxp.mcuxpresso.tools.win32_11.2.0.202001021529/tools/bin/../lib/gcc/arm-none-eabi/9.2.1/../../../../arm-none-eabi/lib/thumb/v6-m/nofp\libcr_c.a(setvbuf.o)
 .comment       0x00000079       0x7a d:/mcuxpressoide_11.2.0_4120/ide/plugins/com.nxp.mcuxpresso.tools.win32_11.2.0.202001021529/tools/bin/../lib/gcc/arm-none-eabi/9.2.1/../../../../arm-none-eabi/lib/thumb/v6-m/nofp\libcr_c.a(sin.o)
 .comment       0x00000079       0x7a d:/mcuxpressoide_11.2.0_4120/ide/plugins/com.nxp.mcuxpresso.tools.win32_11.2.0.202001021529/tools/bin/../lib/gcc/arm-none-eabi/9.2.1/../../../../arm-none-eabi/lib/thumb/v6-m/nofp\libcr_c.a(strcasecmp.o)
 .comment       0x00000079       0x7a d:/mcuxpressoide_11.2.0_4120/ide/plugins/com.nxp.mcuxpresso.tools.win32_11.2.0.202001021529/tools/bin/../lib/gcc/arm-none-eabi/9.2.1/../../../../arm-none-eabi/lib/thumb/v6-m/nofp\libcr_c.a(strlen.o)
 .comment       0x00000079       0x7a d:/mcuxpressoide_11.2.0_4120/ide/plugins/com.nxp.mcuxpresso.tools.win32_11.2.0.202001021529/tools/bin/../lib/gcc/arm-none-eabi/9.2.1/../../../../arm-none-eabi/lib/thumb/v6-m/nofp\libcr_c.a(strncmp.o)
 .comment       0x00000079       0x7a d:/mcuxpressoide_11.2.0_4120/ide/plugins/com.nxp.mcuxpresso.tools.win32_11.2.0.202001021529/tools/bin/../lib/gcc/arm-none-eabi/9.2.1/../../../../arm-none-eabi/lib/thumb/v6-m/nofp\libcr_c.a(__init_alloc.o)
 .comment       0x00000079       0x7a d:/mcuxpressoide_11.2.0_4120/ide/plugins/com.nxp.mcuxpresso.tools.win32_11.2.0.202001021529/tools/bin/../lib/gcc/arm-none-eabi/9.2.1/../../../../arm-none-eabi/lib/thumb/v6-m/nofp\libcr_c.a(_cr_sbrk.o)
 .comment       0x00000079       0x7a d:/mcuxpressoide_11.2.0_4120/ide/plugins/com.nxp.mcuxpresso.tools.win32_11.2.0.202001021529/tools/bin/../lib/gcc/arm-none-eabi/9.2.1/../../../../arm-none-eabi/lib/thumb/v6-m/nofp\libcr_c.a(_fdopen.o)
 .comment       0x00000079       0x7a d:/mcuxpressoide_11.2.0_4120/ide/plugins/com.nxp.mcuxpresso.tools.win32_11.2.0.202001021529/tools/bin/../lib/gcc/arm-none-eabi/9.2.1/../../../../arm-none-eabi/lib/thumb/v6-m/nofp\libcr_c.a(_frexpl.o)
 .comment       0x00000079       0x7a d:/mcuxpressoide_11.2.0_4120/ide/plugins/com.nxp.mcuxpresso.tools.win32_11.2.0.202001021529/tools/bin/../lib/gcc/arm-none-eabi/9.2.1/../../../../arm-none-eabi/lib/thumb/v6-m/nofp\libcr_c.a(_ldexpl.o)
 .comment       0x00000079       0x7a d:/mcuxpressoide_11.2.0_4120/ide/plugins/com.nxp.mcuxpresso.tools.win32_11.2.0.202001021529/tools/bin/../lib/gcc/arm-none-eabi/9.2.1/../../../../arm-none-eabi/lib/thumb/v6-m/nofp\libcr_c.a(_sincos.o)
 .comment       0x00000079       0x7a d:/mcuxpressoide_11.2.0_4120/ide/plugins/com.nxp.mcuxpresso.tools.win32_11.2.0.202001021529/tools/bin/../lib/gcc/arm-none-eabi/9.2.1/../../../../arm-none-eabi/lib/thumb/v6-m/nofp\libcr_c.a(errno.o)
 .comment       0x00000079       0x7a d:/mcuxpressoide_11.2.0_4120/ide/plugins/com.nxp.mcuxpresso.tools.win32_11.2.0.202001021529/tools/bin/../lib/gcc/arm-none-eabi/9.2.1/../../../../arm-none-eabi/lib/thumb/v6-m/nofp\libcr_c.a(fabs.o)
 .comment       0x00000079       0x7a d:/mcuxpressoide_11.2.0_4120/ide/plugins/com.nxp.mcuxpresso.tools.win32_11.2.0.202001021529/tools/bin/../lib/gcc/arm-none-eabi/9.2.1/../../../../arm-none-eabi/lib/thumb/v6-m/nofp\libcr_c.a(fclose.o)
 .comment       0x00000079       0x7a d:/mcuxpressoide_11.2.0_4120/ide/plugins/com.nxp.mcuxpresso.tools.win32_11.2.0.202001021529/tools/bin/../lib/gcc/arm-none-eabi/9.2.1/../../../../arm-none-eabi/lib/thumb/v6-m/nofp\libcr_c.a(fflush.o)
 .comment       0x00000079       0x7a d:/mcuxpressoide_11.2.0_4120/ide/plugins/com.nxp.mcuxpresso.tools.win32_11.2.0.202001021529/tools/bin/../lib/gcc/arm-none-eabi/9.2.1/../../../../arm-none-eabi/lib/thumb/v6-m/nofp\libcr_c.a(remove.o)
 .comment       0x00000079       0x7a d:/mcuxpressoide_11.2.0_4120/ide/plugins/com.nxp.mcuxpresso.tools.win32_11.2.0.202001021529/tools/bin/../lib/gcc/arm-none-eabi/9.2.1/../../../../arm-none-eabi/lib/thumb/v6-m/nofp\libcr_c.a(_cr_check_heap.o)
 .comment       0x00000079       0x7a d:/mcuxpressoide_11.2.0_4120/ide/plugins/com.nxp.mcuxpresso.tools.win32_11.2.0.202001021529/tools/bin/../lib/gcc/arm-none-eabi/9.2.1/../../../../arm-none-eabi/lib/thumb/v6-m/nofp\libcr_c.a(_do_fflush.o)
 .comment       0x00000079       0x7a d:/mcuxpressoide_11.2.0_4120/ide/plugins/com.nxp.mcuxpresso.tools.win32_11.2.0.202001021529/tools/bin/../lib/gcc/arm-none-eabi/9.2.1/thumb/v6-m/nofp\libcr_eabihelpers.a(double.o)

.ARM.attributes
                0x00000000       0x2a
 .ARM.attributes
                0x00000000       0x2c ./utilities/fsl_debug_console.o
 .ARM.attributes
                0x0000002c       0x2c ./startup/startup_mkl25z4.o
 .ARM.attributes
                0x00000058       0x2c ./source/Circular_buffer.o
 .ARM.attributes
                0x00000084       0x2c ./source/Command_logger.o
 .ARM.attributes
                0x000000b0       0x2c ./source/Command_process.o
 .ARM.attributes
                0x000000dc       0x2c ./source/DAC_config.o
 .ARM.attributes
                0x00000108       0x2c ./source/Quick-Fix-Keyboard.o
 .ARM.attributes
                0x00000134       0x2c ./source/Uart.o
 .ARM.attributes
                0x00000160       0x2c ./source/analog_out.o
 .ARM.attributes
                0x0000018c       0x2c ./source/jinglebells.o
 .ARM.attributes
                0x000001b8       0x2c ./source/keypad.o
 .ARM.attributes
                0x000001e4       0x32 ./source/mtb.o
 .ARM.attributes
                0x00000216       0x2c ./source/piyu_bole.o
 .ARM.attributes
                0x00000242       0x2c ./source/rabta.o
 .ARM.attributes
                0x0000026e       0x2c ./source/semihost_hardfault.o
 .ARM.attributes
                0x0000029a       0x2c ./source/sin_trig.o
 .ARM.attributes
                0x000002c6       0x2c ./source/test_cbfifo.o
 .ARM.attributes
                0x000002f2       0x2c ./source/test_sin.o
 .ARM.attributes
                0x0000031e       0x2c ./drivers/fsl_clock.o
 .ARM.attributes
                0x0000034a       0x2c ./drivers/fsl_lpsci.o
 .ARM.attributes
                0x00000376       0x2c ./drivers/fsl_uart.o
 .ARM.attributes
                0x000003a2       0x2c ./board/board.o
 .ARM.attributes
                0x000003ce       0x2c ./board/clock_config.o
 .ARM.attributes
                0x000003fa       0x2c ./board/peripherals.o
 .ARM.attributes
                0x00000426       0x2c ./board/pin_mux.o
 .ARM.attributes
                0x00000452       0x2c ./CMSIS/system_MKL25Z4.o
 .ARM.attributes
                0x0000047e       0x31 d:/mcuxpressoide_11.2.0_4120/ide/plugins/com.nxp.mcuxpresso.tools.win32_11.2.0.202001021529/tools/bin/../lib/gcc/arm-none-eabi/9.2.1/../../../../arm-none-eabi/lib/thumb/v6-m/nofp\libcr_semihost_nf.a(__ciob.o)
 .ARM.attributes
                0x000004af       0x2c d:/mcuxpressoide_11.2.0_4120/ide/plugins/com.nxp.mcuxpresso.tools.win32_11.2.0.202001021529/tools/bin/../lib/gcc/arm-none-eabi/9.2.1/../../../../arm-none-eabi/lib/thumb/v6-m/nofp\libcr_semihost_nf.a(_cr__main.o)
 .ARM.attributes
                0x000004db       0x2c d:/mcuxpressoide_11.2.0_4120/ide/plugins/com.nxp.mcuxpresso.tools.win32_11.2.0.202001021529/tools/bin/../lib/gcc/arm-none-eabi/9.2.1/../../../../arm-none-eabi/lib/thumb/v6-m/nofp\libcr_semihost_nf.a(_cr_assert.o)
 .ARM.attributes
                0x00000507       0x1c d:/mcuxpressoide_11.2.0_4120/ide/plugins/com.nxp.mcuxpresso.tools.win32_11.2.0.202001021529/tools/bin/../lib/gcc/arm-none-eabi/9.2.1/../../../../arm-none-eabi/lib/thumb/v6-m/nofp\libcr_semihost_nf.a(__sys_appexit.o)
 .ARM.attributes
                0x00000523       0x2c d:/mcuxpressoide_11.2.0_4120/ide/plugins/com.nxp.mcuxpresso.tools.win32_11.2.0.202001021529/tools/bin/../lib/gcc/arm-none-eabi/9.2.1/../../../../arm-none-eabi/lib/thumb/v6-m/nofp\libcr_c.a(memcpy.o)
 .ARM.attributes
                0x0000054f       0x2c d:/mcuxpressoide_11.2.0_4120/ide/plugins/com.nxp.mcuxpresso.tools.win32_11.2.0.202001021529/tools/bin/../lib/gcc/arm-none-eabi/9.2.1/../../../../arm-none-eabi/lib/thumb/v6-m/nofp\libcr_c.a(memset.o)
 .ARM.attributes
                0x0000057b       0x2c d:/mcuxpressoide_11.2.0_4120/ide/plugins/com.nxp.mcuxpresso.tools.win32_11.2.0.202001021529/tools/bin/../lib/gcc/arm-none-eabi/9.2.1/../../../../arm-none-eabi/lib/thumb/v6-m/nofp\libcr_c.a(_deferredlazyseek.o)
 .ARM.attributes
                0x000005a7       0x2c d:/mcuxpressoide_11.2.0_4120/ide/plugins/com.nxp.mcuxpresso.tools.win32_11.2.0.202001021529/tools/bin/../lib/gcc/arm-none-eabi/9.2.1/../../../../arm-none-eabi/lib/thumb/v6-m/nofp\libcr_c.a(_fflush.o)
 .ARM.attributes
                0x000005d3       0x2c d:/mcuxpressoide_11.2.0_4120/ide/plugins/com.nxp.mcuxpresso.tools.win32_11.2.0.202001021529/tools/bin/../lib/gcc/arm-none-eabi/9.2.1/../../../../arm-none-eabi/lib/thumb/v6-m/nofp\libcr_c.a(_writebuf.o)
 .ARM.attributes
                0x000005ff       0x2c d:/mcuxpressoide_11.2.0_4120/ide/plugins/com.nxp.mcuxpresso.tools.win32_11.2.0.202001021529/tools/bin/../lib/gcc/arm-none-eabi/9.2.1/../../../../arm-none-eabi/lib/thumb/v6-m/nofp\libcr_c.a(alloc.o)
 .ARM.attributes
                0x0000062b       0x2c d:/mcuxpressoide_11.2.0_4120/ide/plugins/com.nxp.mcuxpresso.tools.win32_11.2.0.202001021529/tools/bin/../lib/gcc/arm-none-eabi/9.2.1/../../../../arm-none-eabi/lib/thumb/v6-m/nofp\libcr_c.a(ctype.o)
 .ARM.attributes
                0x00000657       0x2c d:/mcuxpressoide_11.2.0_4120/ide/plugins/com.nxp.mcuxpresso.tools.win32_11.2.0.202001021529/tools/bin/../lib/gcc/arm-none-eabi/9.2.1/../../../../arm-none-eabi/lib/thumb/v6-m/nofp\libcr_c.a(fpprintf.o)
 .ARM.attributes
                0x00000683       0x2c d:/mcuxpressoide_11.2.0_4120/ide/plugins/com.nxp.mcuxpresso.tools.win32_11.2.0.202001021529/tools/bin/../lib/gcc/arm-none-eabi/9.2.1/../../../../arm-none-eabi/lib/thumb/v6-m/nofp\libcr_c.a(fputs.o)
 .ARM.attributes
                0x000006af       0x2c d:/mcuxpressoide_11.2.0_4120/ide/plugins/com.nxp.mcuxpresso.tools.win32_11.2.0.202001021529/tools/bin/../lib/gcc/arm-none-eabi/9.2.1/../../../../arm-none-eabi/lib/thumb/v6-m/nofp\libcr_c.a(fseek.o)
 .ARM.attributes
                0x000006db       0x2c d:/mcuxpressoide_11.2.0_4120/ide/plugins/com.nxp.mcuxpresso.tools.win32_11.2.0.202001021529/tools/bin/../lib/gcc/arm-none-eabi/9.2.1/../../../../arm-none-eabi/lib/thumb/v6-m/nofp\libcr_c.a(ftell.o)
 .ARM.attributes
                0x00000707       0x2c d:/mcuxpressoide_11.2.0_4120/ide/plugins/com.nxp.mcuxpresso.tools.win32_11.2.0.202001021529/tools/bin/../lib/gcc/arm-none-eabi/9.2.1/../../../../arm-none-eabi/lib/thumb/v6-m/nofp\libcr_c.a(initio.o)
 .ARM.attributes
                0x00000733       0x2c d:/mcuxpressoide_11.2.0_4120/ide/plugins/com.nxp.mcuxpresso.tools.win32_11.2.0.202001021529/tools/bin/../lib/gcc/arm-none-eabi/9.2.1/../../../../arm-none-eabi/lib/thumb/v6-m/nofp\libcr_c.a(printf.o)
 .ARM.attributes
                0x0000075f       0x2c d:/mcuxpressoide_11.2.0_4120/ide/plugins/com.nxp.mcuxpresso.tools.win32_11.2.0.202001021529/tools/bin/../lib/gcc/arm-none-eabi/9.2.1/../../../../arm-none-eabi/lib/thumb/v6-m/nofp\libcr_c.a(setvbuf.o)
 .ARM.attributes
                0x0000078b       0x2c d:/mcuxpressoide_11.2.0_4120/ide/plugins/com.nxp.mcuxpresso.tools.win32_11.2.0.202001021529/tools/bin/../lib/gcc/arm-none-eabi/9.2.1/../../../../arm-none-eabi/lib/thumb/v6-m/nofp\libcr_c.a(sin.o)
 .ARM.attributes
                0x000007b7       0x2c d:/mcuxpressoide_11.2.0_4120/ide/plugins/com.nxp.mcuxpresso.tools.win32_11.2.0.202001021529/tools/bin/../lib/gcc/arm-none-eabi/9.2.1/../../../../arm-none-eabi/lib/thumb/v6-m/nofp\libcr_c.a(strcasecmp.o)
 .ARM.attributes
                0x000007e3       0x2c d:/mcuxpressoide_11.2.0_4120/ide/plugins/com.nxp.mcuxpresso.tools.win32_11.2.0.202001021529/tools/bin/../lib/gcc/arm-none-eabi/9.2.1/../../../../arm-none-eabi/lib/thumb/v6-m/nofp\libcr_c.a(strlen.o)
 .ARM.attributes
                0x0000080f       0x2c d:/mcuxpressoide_11.2.0_4120/ide/plugins/com.nxp.mcuxpresso.tools.win32_11.2.0.202001021529/tools/bin/../lib/gcc/arm-none-eabi/9.2.1/../../../../arm-none-eabi/lib/thumb/v6-m/nofp\libcr_c.a(strncmp.o)
 .ARM.attributes
                0x0000083b       0x2c d:/mcuxpressoide_11.2.0_4120/ide/plugins/com.nxp.mcuxpresso.tools.win32_11.2.0.202001021529/tools/bin/../lib/gcc/arm-none-eabi/9.2.1/../../../../arm-none-eabi/lib/thumb/v6-m/nofp\libcr_c.a(__init_alloc.o)
 .ARM.attributes
                0x00000867       0x2c d:/mcuxpressoide_11.2.0_4120/ide/plugins/com.nxp.mcuxpresso.tools.win32_11.2.0.202001021529/tools/bin/../lib/gcc/arm-none-eabi/9.2.1/../../../../arm-none-eabi/lib/thumb/v6-m/nofp\libcr_c.a(_cr_sbrk.o)
 .ARM.attributes
                0x00000893       0x2c d:/mcuxpressoide_11.2.0_4120/ide/plugins/com.nxp.mcuxpresso.tools.win32_11.2.0.202001021529/tools/bin/../lib/gcc/arm-none-eabi/9.2.1/../../../../arm-none-eabi/lib/thumb/v6-m/nofp\libcr_c.a(_fdopen.o)
 .ARM.attributes
                0x000008bf       0x2c d:/mcuxpressoide_11.2.0_4120/ide/plugins/com.nxp.mcuxpresso.tools.win32_11.2.0.202001021529/tools/bin/../lib/gcc/arm-none-eabi/9.2.1/../../../../arm-none-eabi/lib/thumb/v6-m/nofp\libcr_c.a(_frexpl.o)
 .ARM.attributes
                0x000008eb       0x2c d:/mcuxpressoide_11.2.0_4120/ide/plugins/com.nxp.mcuxpresso.tools.win32_11.2.0.202001021529/tools/bin/../lib/gcc/arm-none-eabi/9.2.1/../../../../arm-none-eabi/lib/thumb/v6-m/nofp\libcr_c.a(_ldexpl.o)
 .ARM.attributes
                0x00000917       0x2c d:/mcuxpressoide_11.2.0_4120/ide/plugins/com.nxp.mcuxpresso.tools.win32_11.2.0.202001021529/tools/bin/../lib/gcc/arm-none-eabi/9.2.1/../../../../arm-none-eabi/lib/thumb/v6-m/nofp\libcr_c.a(_sincos.o)
 .ARM.attributes
                0x00000943       0x31 d:/mcuxpressoide_11.2.0_4120/ide/plugins/com.nxp.mcuxpresso.tools.win32_11.2.0.202001021529/tools/bin/../lib/gcc/arm-none-eabi/9.2.1/../../../../arm-none-eabi/lib/thumb/v6-m/nofp\libcr_c.a(errno.o)
 .ARM.attributes
                0x00000974       0x2c d:/mcuxpressoide_11.2.0_4120/ide/plugins/com.nxp.mcuxpresso.tools.win32_11.2.0.202001021529/tools/bin/../lib/gcc/arm-none-eabi/9.2.1/../../../../arm-none-eabi/lib/thumb/v6-m/nofp\libcr_c.a(fabs.o)
 .ARM.attributes